Microchip MPLAB XC8 Compiler V2.30

Linker command line:

-W-3 --edf=/opt/microchip/xc8/v2.30/pic/dat/en_msgs.txt -cn \
  -h+dist/Simulate/production/the2.X.production.sym \
  --cmf=dist/Simulate/production/the2.X.production.cmf -z -Q18F8722 \
  -o/tmp/xcXOHHGca --defsym=__MPLAB_BUILD=1 \
  -Mdist/Simulate/production/the2.X.production.map -E1 -ver=XC8 Compiler \
  --acfsm=1493 -ASTACK=079h-0F5Fh -pstack=STACK -ACODE=00h-01FFFFh \
  -ACONST=00h-01FFFFh -ASMALLCONST=01000h-010FFhx496 \
  -AMEDIUMCONST=01000h-0FFFFh,011000h-01FFFFh -ACOMRAM=01h-05Fh \
  -AABS1=00h-0F5Fh -ABIGRAM=01h-0F5Fh \
  -ARAM=060h-0FFh,0100h-01FFhx14,0F00h-0F5Fh -ABANK0=060h-0FFh \
  -ABANK1=0100h-01FFh -ABANK2=0200h-02FFh -ABANK3=0300h-03FFh \
  -ABANK4=0400h-04FFh -ABANK5=0500h-05FFh -ABANK6=0600h-06FFh \
  -ABANK7=0700h-07FFh -ABANK8=0800h-08FFh -ABANK9=0900h-09FFh \
  -ABANK10=0A00h-0AFFh -ABANK11=0B00h-0BFFh -ABANK12=0C00h-0CFFh \
  -ABANK13=0D00h-0DFFh -ABANK14=0E00h-0EFFh -ABANK15=0F00h-0F5Fh \
  -ASFR=0F60h-0FFFh -ACONFIG=0300000h-030000Dh -AIDLOC=0200000h-0200007h \
  -AEEDATA=0F00000h-0F003FFh -peeprom_data=EEDATA \
  -preset_vec=00h,intcode=08h,intcodelo,powerup,init -pramtop=01000h \
  -psmallconst=SMALLCONST -pmediumconst=MEDIUMCONST -pconst=CONST \
  -AFARRAM=00h-00h \
  -prdata=COMRAM,nvrram=COMRAM,nvbit=COMRAM,rbss=COMRAM,rbit=COMRAM \
  -pfarbss=FARRAM,fardata=FARRAM,nvFARRAM=FARRAM \
  -pintsave_regs=BIGRAM,bigbss=BIGRAM,bigdata=BIGRAM -pbss=RAM \
  -pidata=CODE,irdata=CODE,ibigdata=CODE,ifardata=CODE -prparam=COMRAM \
  /tmp/xcXBMiLon.o dist/Simulate/production/the2.X.production.o 

Object code version is 3.11

Machine type is 18F8722



                Name                               Link     Load   Length Selector   Space Scale
/tmp/xcXBMiLon.o
                config                           300000   300000        8        0       4
                init                                  E        E        4        4       0
                reset_vec                             0        0        4        0       0
dist/Simulate/production/the2.X.production.o
                intcode                               8        8        6        4       0
                config                           300000   300000        8        0       4
                temp                                 53       53        1        1       1
                text11                              9A4      9A4       2A        4       0
                text10                              222      222      18E        4       0
                intcode_body                        3B0      3B0      15A        4       0
                text8                               87A      87A       5A        4       0
                text7                               978      978       2C        4       0
                text6                               74E      74E       B2        4       0
                text5                               94C      94C       2C        4       0
                text4                               800      800       7A        4       0
                text3                               50A      50A      150        4       0
                text2                               65A      65A       F4        4       0
                text1                                12       12      210        4       0
                text0                               8D4      8D4       3E        4       0
                cstackCOMRAM                          1        1       2E        1       1
                cstackBANK0                          60       60        D       60       1
                dataBANK0                            77       77        2       60       1
                bssBANK0                             6D       6D        A       60       1
                bssCOMRAM                            2F       2F       23        1       1
                cinit                               912      912       3A        4       0
                nvCOMRAM                             52       52        1        1       1
                idataBANK0                          9CE      9CE        2        4       0

TOTAL           Name                               Link     Load   Length     Space
        CLASS   STACK          

        CLASS   CODE           
                intcode                               8        8        6         0
                init                                  E        E        4         0
                reset_vec                             0        0        4         0
                text11                              9A4      9A4       2A         0
                text10                              222      222      18E         0
                intcode_body                        3B0      3B0      15A         0
                text8                               87A      87A       5A         0
                text7                               978      978       2C         0
                text6                               74E      74E       B2         0
                text5                               94C      94C       2C         0
                text4                               800      800       7A         0
                text3                               50A      50A      150         0
                text2                               65A      65A       F4         0
                text1                                12       12      210         0
                text0                               8D4      8D4       3E         0
                cinit                               912      912       3A         0
                idataBANK0                          9CE      9CE        2         0

        CLASS   CONST          

        CLASS   SMALLCONST     

        CLASS   MEDIUMCONST    

        CLASS   COMRAM         
                temp                                 53       53        1         1
                cstackCOMRAM                          1        1       2E         1
                bssCOMRAM                            2F       2F       23         1
                nvCOMRAM                             52       52        1         1

        CLASS   ABS1           

        CLASS   BIGRAM         

        CLASS   RAM            

        CLASS   BANK0          
                cstackBANK0                          60       60        D         1
                dataBANK0                            77       77        2         1
                bssBANK0                             6D       6D        A         1

        CLASS   BANK1          

        CLASS   BANK2          

        CLASS   BANK3          

        CLASS   BANK4          

        CLASS   BANK5          

        CLASS   BANK6          

        CLASS   BANK7          

        CLASS   BANK8          

        CLASS   BANK9          

        CLASS   BANK10         

        CLASS   BANK11         

        CLASS   BANK12         

        CLASS   BANK13         

        CLASS   BANK14         

        CLASS   BANK15         

        CLASS   SFR            

        CLASS   CONFIG         
                config                           300000   300000        8         4

        CLASS   IDLOC          

        CLASS   EEDATA         

        CLASS   FARRAM         



SEGMENTS        Name                           Load    Length   Top    Selector   Space  Class

                cstackBANK0                    000060  000019  000079        60       1  BANK0   
                intcode                        000008  0009C8  0009D0         4       0  CODE    
                reset_vec                      000000  000004  000004         0       0  CODE    
                cstackCOMRAM                   000001  000053  000054         1       1  COMRAM  


UNUSED ADDRESS RANGES

        Name                Unused          Largest block    Delta
        BANK0            000079-0000FF               87
        BANK1            000100-0001FF              100
        BANK10           000A00-000AFF              100
        BANK11           000B00-000BFF              100
        BANK12           000C00-000CFF              100
        BANK13           000D00-000DFF              100
        BANK14           000E00-000EFF              100
        BANK15           000F00-000F5F               60
        BANK2            000200-0002FF              100
        BANK3            000300-0003FF              100
        BANK4            000400-0004FF              100
        BANK5            000500-0005FF              100
        BANK6            000600-0006FF              100
        BANK7            000700-0007FF              100
        BANK8            000800-0008FF              100
        BANK9            000900-0009FF              100
        BIGRAM           000054-00005F                C
                         000079-000F5F              EE7
        CODE             000004-000007                4
                         0009D0-01FFFF            1F630
        COMRAM           000054-00005F                C
        CONFIG           300008-30000D                6
        CONST            000004-000007                4
                         0009D0-01FFFF            1F630
        EEDATA           F00000-F003FF              400
        IDLOC            200000-200007                8
        MEDIUMCONST      001000-00FFFF             F000
                         011000-01FFFF             F000
        RAM              000079-000F5F              100
        SFR              000F60-000FFF               A0
        SMALLCONST       001000-01FFFF              100
        STACK            000079-000F5F              EE7

                                  Symbol Table

?___awmod                              cstackBANK0  000060
?_parse_and_assign                     cstackBANK0  000060
?i2_parse_and_assign                   cstackCOMRAM 000001
ProcessButtonPress@buttonCount         bssBANK0     00006F
ProcessButtonPress@currentButtonRead   cstackBANK0  00006A
ProcessButtonPress@state               bssBANK0     000070
_Button_Press                          bssBANK0     000072
_HandleInterrupt                       intcode      000008
_INTCONbits                            (abs)        000FF2
_Init                                  text8        00087A
_InitializeTimerAndInterrupts          text7        000978
_LATA                                  (abs)        000F89
_LATB                                  (abs)        000F8A
_LATC                                  (abs)        000F8B
_LATC_flag                             bssCOMRAM    00003B
_LATC_old                              bssCOMRAM    000048
_LATC_value                            bssCOMRAM    00004C
_LATD                                  (abs)        000F8C
_LATD_flag                             bssCOMRAM    000039
_LATD_old                              bssCOMRAM    000047
_LATD_value                            bssCOMRAM    00004B
_LATE                                  (abs)        000F8D
_LATE_flag                             bssCOMRAM    000037
_LATE_old                              bssCOMRAM    000046
_LATE_value                            bssCOMRAM    00004A
_LATF                                  (abs)        000F8E
_LATF_flag                             bssCOMRAM    000035
_LATF_old                              bssCOMRAM    000045
_LATF_value                            bssCOMRAM    000049
_LATG                                  (abs)        000F8F
_PORTA                                 (abs)        000F80
_PORTB                                 (abs)        000F81
_PORTC                                 (abs)        000F82
_PORTD                                 (abs)        000F83
_PORTE                                 (abs)        000F84
_PORTF                                 (abs)        000F85
_PORTG                                 (abs)        000F86
_PORTGbits                             (abs)        000F86
_ProcessButtonPress                    text2        00065A
_RCONbits                              (abs)        000FD0
_T0CONbits                             (abs)        000FD5
_TMR0H                                 (abs)        000FD7
_TMR0L                                 (abs)        000FD6
_TRISA                                 (abs)        000F92
_TRISB                                 (abs)        000F93
_TRISC                                 (abs)        000F94
_TRISD                                 (abs)        000F95
_TRISE                                 (abs)        000F96
_TRISF                                 (abs)        000F97
_TRISG                                 (abs)        000F98
_Temp_Press                            bssBANK0     000071
__HRAM                                 (abs)        000000
__Habs1                                abs1         000000
__Hbank0                               bank0        000000
__Hbank1                               bank1        000000
__Hbank10                              bank10       000000
__Hbank11                              bank11       000000
__Hbank12                              bank12       000000
__Hbank13                              bank13       000000
__Hbank14                              bank14       000000
__Hbank15                              bank15       000000
__Hbank2                               bank2        000000
__Hbank3                               bank3        000000
__Hbank4                               bank4        000000
__Hbank5                               bank5        000000
__Hbank6                               bank6        000000
__Hbank7                               bank7        000000
__Hbank8                               bank8        000000
__Hbank9                               bank9        000000
__Hbigbss                              bigbss       000000
__Hbigdata                             bigdata      000000
__Hbigram                              bigram       000000
__Hbss                                 bss          000000
__HbssBANK0                            bssBANK0     000000
__HbssCOMRAM                           bssCOMRAM    000000
__Hcinit                               cinit        000000
__Hclrtext                             clrtext      000000
__Hcomram                              comram       000000
__Hconfig                              config       300008
__Hconst                               const        000000
__HcstackBANK0                         cstackBANK0  000000
__HcstackCOMRAM                        cstackCOMRAM 000000
__Hdata                                data         000000
__HdataBANK0                           dataBANK0    000000
__Heeprom_data                         eeprom_data  000000
__Hfarbss                              farbss       000000
__Hfardata                             fardata      000000
__Hibigdata                            ibigdata     000000
__Hidata                               idata        000000
__HidataBANK0                          idataBANK0   000000
__Hidloc                               idloc        000000
__Hifardata                            ifardata     000000
__Hinit                                init         000012
__Hintcode                             intcode      00000E
__Hintcode_body                        intcode_body 000000
__Hintcodelo                           intcodelo    00000E
__Hintentry                            intentry     000000
__Hintret                              intret       000000
__Hintsave_regs                        intsave_regs 000000
__Hirdata                              irdata       000000
__Hmediumconst                         mediumconst  000000
__HnvCOMRAM                            nvCOMRAM     000000
__HnvFARRAM                            nvFARRAM     000000
__Hnvbit                               nvbit        000000
__Hnvrram                              nvrram       000000
__Hparam                               rparam       000000
__Hpowerup                             powerup      00000E
__Hram                                 ram          000000
__Hramtop                              ramtop       001000
__Hrbit                                rbit         000000
__Hrbss                                rbss         000000
__Hrdata                               rdata        000000
__Hreset_vec                           reset_vec    000004
__Hrparam                              rparam       000000
__Hsfr                                 sfr          000000
__Hsmallconst                          smallconst   000000
__Hspace_0                             (abs)        001000
__Hspace_1                             (abs)        000079
__Hspace_2                             (abs)        000000
__Hspace_4                             (abs)        600008
__Hstack                               stack        000000
__Hstruct                              struct       000000
__Htemp                                temp         000054
__Htext                                text         000000
__Htext0                               text0        000000
__Htext1                               text1        000000
__Htext10                              text10       000000
__Htext11                              text11       000000
__Htext2                               text2        000000
__Htext3                               text3        000000
__Htext4                               text4        000000
__Htext5                               text5        000000
__Htext6                               text6        000000
__Htext7                               text7        000000
__Htext8                               text8        000000
__LRAM                                 (abs)        000001
__Labs1                                abs1         000000
__Lbank0                               bank0        000000
__Lbank1                               bank1        000000
__Lbank10                              bank10       000000
__Lbank11                              bank11       000000
__Lbank12                              bank12       000000
__Lbank13                              bank13       000000
__Lbank14                              bank14       000000
__Lbank15                              bank15       000000
__Lbank2                               bank2        000000
__Lbank3                               bank3        000000
__Lbank4                               bank4        000000
__Lbank5                               bank5        000000
__Lbank6                               bank6        000000
__Lbank7                               bank7        000000
__Lbank8                               bank8        000000
__Lbank9                               bank9        000000
__Lbigbss                              bigbss       000000
__Lbigdata                             bigdata      000000
__Lbigram                              bigram       000000
__Lbss                                 bss          000000
__LbssBANK0                            bssBANK0     000000
__LbssCOMRAM                           bssCOMRAM    000000
__Lcinit                               cinit        000000
__Lclrtext                             clrtext      000000
__Lcomram                              comram       000000
__Lconfig                              config       000000
__Lconst                               const        000000
__LcstackBANK0                         cstackBANK0  000000
__LcstackCOMRAM                        cstackCOMRAM 000000
__Ldata                                data         000000
__LdataBANK0                           dataBANK0    000000
__Leeprom_data                         eeprom_data  000000
__Lfarbss                              farbss       000000
__Lfardata                             fardata      000000
__Libigdata                            ibigdata     000000
__Lidata                               idata        000000
__LidataBANK0                          idataBANK0   000000
__Lidloc                               idloc        000000
__Lifardata                            ifardata     000000
__Linit                                init         00000E
__Lintcode                             intcode      000008
__Lintcode_body                        intcode_body 000000
__Lintcodelo                           intcodelo    00000E
__Lintentry                            intentry     000000
__Lintret                              intret       000000
__Lintsave_regs                        intsave_regs 000000
__Lirdata                              irdata       000000
__Lmediumconst                         mediumconst  000000
__LnvCOMRAM                            nvCOMRAM     000000
__LnvFARRAM                            nvFARRAM     000000
__Lnvbit                               nvbit        000000
__Lnvrram                              nvrram       000000
__Lparam                               rparam       000000
__Lpowerup                             powerup      00000E
__Lram                                 ram          000000
__Lramtop                              ramtop       001000
__Lrbit                                rbit         000000
__Lrbss                                rbss         000000
__Lrdata                               rdata        000000
__Lreset_vec                           reset_vec    000000
__Lrparam                              rparam       000000
__Lsfr                                 sfr          000000
__Lsmallconst                          smallconst   000000
__Lspace_0                             (abs)        000000
__Lspace_1                             (abs)        000000
__Lspace_2                             (abs)        000000
__Lspace_4                             (abs)        000000
__Lstack                               stack        000000
__Lstruct                              struct       000000
__Ltemp                                temp         000053
__Ltext                                text         000000
__Ltext0                               text0        000000
__Ltext1                               text1        000000
__Ltext10                              text10       000000
__Ltext11                              text11       000000
__Ltext2                               text2        000000
__Ltext3                               text3        000000
__Ltext4                               text4        000000
__Ltext5                               text5        000000
__Ltext6                               text6        000000
__Ltext7                               text7        000000
__Ltext8                               text8        000000
__S0                                   (abs)        0009D0
__S1                                   (abs)        000079
__S2                                   (abs)        000000
__S4                                   (abs)        000000
__S5                                   (abs)        000000
___awmod                               text6        00074E
___awmod@counter                       cstackBANK0  000064
___awmod@dividend                      cstackBANK0  000060
___awmod@divisor                       cstackBANK0  000062
___awmod@sign                          cstackBANK0  000065
___extmem_base                         (abs)        020000
___inthi_sp                            stack        000000
___intlo_sp                            stack        000000
___param_bank                          (abs)        000000
___rparam_used                         (abs)        000001
___sp                                  stack        000000
__accesstop                            (abs)        000060
__activetblptr                         (abs)        000000
__end_of_HandleInterrupt               intcode_body 00050A
__end_of_Init                          text8        0008D4
__end_of_InitializeTimerAndInterrupts  text7        0009A4
__end_of_ProcessButtonPress            text2        00074E
__end_of___awmod                       text6        000800
__end_of__initialization               cinit        000942
__end_of_main                          text0        000912
__end_of_parse_and_assign              text5        000978
__end_of_shift_down_piece              text10       0003B0
__end_of_show_piece                    text1        000222
__end_of_spawn_piece                   text4        00087A
__end_of_submit_piece                  text3        00065A
__end_ofi2_parse_and_assign            text11       0009CE
__initialization                       cinit        000912
__mediumconst                          mediumconst  000000
__pbssBANK0                            bssBANK0     00006D
__pbssCOMRAM                           bssCOMRAM    00002F
__pcinit                               cinit        000912
__pcstackBANK0                         cstackBANK0  000060
__pcstackCOMRAM                        cstackCOMRAM 000001
__pdataBANK0                           dataBANK0    000077
__pidataBANK0                          idataBANK0   0009CE
__pintcode                             intcode      000008
__pintcode_body                        intcode_body 0003B0
__pnvCOMRAM                            nvCOMRAM     000052
__ptext0                               text0        0008D4
__ptext1                               text1        000012
__ptext10                              text10       000222
__ptext11                              text11       0009A4
__ptext2                               text2        00065A
__ptext3                               text3        00050A
__ptext4                               text4        000800
__ptext5                               text5        00094C
__ptext6                               text6        00074E
__ptext7                               text7        000978
__ptext8                               text8        00087A
__ramtop                               ramtop       001000
__size_of_HandleInterrupt              (abs)        000000
__size_of_Init                         (abs)        000000
__size_of_InitializeTimerAndInterrupts (abs)        000000
__size_of_ProcessButtonPress           (abs)        000000
__size_of___awmod                      (abs)        000000
__size_of_main                         (abs)        000000
__size_of_parse_and_assign             (abs)        000000
__size_of_shift_down_piece             (abs)        000000
__size_of_show_piece                   (abs)        000000
__size_of_spawn_piece                  (abs)        000000
__size_of_submit_piece                 (abs)        000000
__size_ofi2_parse_and_assign           (abs)        000000
__smallconst                           smallconst   000000
_active_piece                          bssCOMRAM    00004E
_active_piece_record                   bssCOMRAM    00002F
_blink_flag                            bssCOMRAM    00003F
_buttonCount                           bssCOMRAM    000043
_buttonState                           bssCOMRAM    000044
_is_active                             bssBANK0     00006D
_is_at_bottom                          bssCOMRAM    000033
_lastRBState                           nvCOMRAM     000052
_main                                  text0        0008D4
_parse_and_assign                      text5        00094C
_port_c_decimal                        bssCOMRAM    000041
_prevB                                 bssCOMRAM    00004D
_prev_piece                            dataBANK0    000077
_shift_down_piece                      text10       000222
_show_piece                            text1        000012
_spawn_piece                           text4        000800
_submit_piece                          text3        00050A
_two_seconds_counter                   bssCOMRAM    00003D
btemp                                  temp         000053
end_of_initialization                  cinit        000942
i2_parse_and_assign                    text11       0009A4
i2parse_and_assign@byte0               cstackCOMRAM 000005
i2parse_and_assign@byte1               cstackCOMRAM 000006
i2parse_and_assign@byte2               cstackCOMRAM 000007
i2parse_and_assign@byte3               cstackCOMRAM 000008
i2parse_and_assign@value               cstackCOMRAM 000001
int$flags                              temp         000053
int_func                               intcode_body 0003B0
intlevel0                              text         000000
intlevel1                              text         000000
intlevel2                              text         000000
intlevel3                              text         000000
parse_and_assign@byte0                 cstackBANK0  000064
parse_and_assign@byte1                 cstackBANK0  000065
parse_and_assign@byte2                 cstackBANK0  000066
parse_and_assign@byte3                 cstackBANK0  000067
parse_and_assign@ports                 bssBANK0     000073
parse_and_assign@value                 cstackBANK0  000060
shift_down_piece@active_piece          cstackCOMRAM 000009
shift_down_piece@byte0                 cstackCOMRAM 000027
shift_down_piece@byte1                 cstackCOMRAM 000028
shift_down_piece@byte2                 cstackCOMRAM 000029
shift_down_piece@byte3                 cstackCOMRAM 00002A
shift_down_piece@ports                 cstackCOMRAM 00002B
show_piece@ports                       cstackBANK0  000068
stackhi                                (abs)        000F5F
stacklo                                (abs)        000079
start                                  init         00000E
start_initialization                   cinit        000912
submit_piece@ports                     cstackBANK0  000068
ttemp5                                 temp         000054
ttemp6                                 temp         000057
ttemp7                                 temp         00005B
wtemp8                                 temp         000054


FUNCTION INFORMATION:

 *************** function _main *****************
 Defined at:
		line 499 in file "main.c"
 Parameters:    Size  Location     Type
		None
 Auto vars:     Size  Location     Type
		None
 Return value:  Size  Location     Type
                  1    wreg      void 
 Registers used:
		wreg, fsr2l, fsr2h, status,2, status,0, cstack
 Tracked objects:
		On entry : 
		On exit  : 
		Unchanged: 
 Data sizes:     COMRAM   BANK0   BANK1   BANK2   BANK3   BANK4   BANK5   BANK6   BANK7   BANK8   BANK9  BANK10  BANK11  BANK12  BANK13  BANK14  BANK15
      Params:         0       0       0       0       0       0       0       0       0       0       0       0       0       0       0       0       0
      Locals:         0       0       0       0       0       0       0       0       0       0       0       0       0       0       0       0       0
      Temps:          0       2       0       0       0       0       0       0       0       0       0       0       0       0       0       0       0
      Totals:         0       2       0       0       0       0       0       0       0       0       0       0       0       0       0       0       0
Total ram usage:        2 bytes
 Hardware stack levels required when called:    6
 This function calls:
		_Init
		_InitializeTimerAndInterrupts
		_ProcessButtonPress
		_show_piece
		_spawn_piece
 This function is called by:
		Startup code after reset
 This function uses a non-reentrant model


 *************** function _show_piece *****************
 Defined at:
		line 451 in file "main.c"
 Parameters:    Size  Location     Type
		None
 Auto vars:     Size  Location     Type
  ports           2    8[BANK0 ] PTR unsigned char 
		 -> parse_and_assign@ports(4), 
 Return value:  Size  Location     Type
                  1    wreg      void 
 Registers used:
		wreg, fsr2l, fsr2h, status,2, status,0, cstack
 Tracked objects:
		On entry : 
		On exit  : 
		Unchanged: 
 Data sizes:     COMRAM   BANK0   BANK1   BANK2   BANK3   BANK4   BANK5   BANK6   BANK7   BANK8   BANK9  BANK10  BANK11  BANK12  BANK13  BANK14  BANK15
      Params:         0       0       0       0       0       0       0       0       0       0       0       0       0       0       0       0       0
      Locals:         0       2       0       0       0       0       0       0       0       0       0       0       0       0       0       0       0
      Temps:          0       0       0       0       0       0       0       0       0       0       0       0       0       0       0       0       0
      Totals:         0       2       0       0       0       0       0       0       0       0       0       0       0       0       0       0       0
Total ram usage:        2 bytes
 Hardware stack levels used:    1
 Hardware stack levels required when called:    4
 This function calls:
		_parse_and_assign
 This function is called by:
		_main
 This function uses a non-reentrant model


 *************** function _ProcessButtonPress *****************
 Defined at:
		line 341 in file "main.c"
 Parameters:    Size  Location     Type
		None
 Auto vars:     Size  Location     Type
  currentButto    1   10[BANK0 ] struct .
 Return value:  Size  Location     Type
                  1    wreg      void 
 Registers used:
		wreg, fsr2l, fsr2h, status,2, status,0, cstack
 Tracked objects:
		On entry : 
		On exit  : 
		Unchanged: 
 Data sizes:     COMRAM   BANK0   BANK1   BANK2   BANK3   BANK4   BANK5   BANK6   BANK7   BANK8   BANK9  BANK10  BANK11  BANK12  BANK13  BANK14  BANK15
      Params:         0       0       0       0       0       0       0       0       0       0       0       0       0       0       0       0       0
      Locals:         0       1       0       0       0       0       0       0       0       0       0       0       0       0       0       0       0
      Temps:          0       0       0       0       0       0       0       0       0       0       0       0       0       0       0       0       0
      Totals:         0       1       0       0       0       0       0       0       0       0       0       0       0       0       0       0       0
Total ram usage:        1 bytes
 Hardware stack levels used:    1
 Hardware stack levels required when called:    5
 This function calls:
		_submit_piece
 This function is called by:
		_main
 This function uses a non-reentrant model


 *************** function _submit_piece *****************
 Defined at:
		line 293 in file "main.c"
 Parameters:    Size  Location     Type
		None
 Auto vars:     Size  Location     Type
  ports           2    8[BANK0 ] PTR unsigned char 
		 -> parse_and_assign@ports(4), 
 Return value:  Size  Location     Type
                  1    wreg      void 
 Registers used:
		wreg, fsr2l, fsr2h, status,2, status,0, cstack
 Tracked objects:
		On entry : 
		On exit  : 
		Unchanged: 
 Data sizes:     COMRAM   BANK0   BANK1   BANK2   BANK3   BANK4   BANK5   BANK6   BANK7   BANK8   BANK9  BANK10  BANK11  BANK12  BANK13  BANK14  BANK15
      Params:         0       0       0       0       0       0       0       0       0       0       0       0       0       0       0       0       0
      Locals:         0       2       0       0       0       0       0       0       0       0       0       0       0       0       0       0       0
      Temps:          0       0       0       0       0       0       0       0       0       0       0       0       0       0       0       0       0
      Totals:         0       2       0       0       0       0       0       0       0       0       0       0       0       0       0       0       0
Total ram usage:        2 bytes
 Hardware stack levels used:    1
 Hardware stack levels required when called:    4
 This function calls:
		___awmod
		_parse_and_assign
		_spawn_piece
 This function is called by:
		_ProcessButtonPress
 This function uses a non-reentrant model


 *************** function _spawn_piece *****************
 Defined at:
		line 432 in file "main.c"
 Parameters:    Size  Location     Type
		None
 Auto vars:     Size  Location     Type
		None
 Return value:  Size  Location     Type
                  1    wreg      void 
 Registers used:
		wreg, status,2, status,0
 Tracked objects:
		On entry : 
		On exit  : 
		Unchanged: 
 Data sizes:     COMRAM   BANK0   BANK1   BANK2   BANK3   BANK4   BANK5   BANK6   BANK7   BANK8   BANK9  BANK10  BANK11  BANK12  BANK13  BANK14  BANK15
      Params:         0       0       0       0       0       0       0       0       0       0       0       0       0       0       0       0       0
      Locals:         0       0       0       0       0       0       0       0       0       0       0       0       0       0       0       0       0
      Temps:          0       0       0       0       0       0       0       0       0       0       0       0       0       0       0       0       0
      Totals:         0       0       0       0       0       0       0       0       0       0       0       0       0       0       0       0       0
Total ram usage:        0 bytes
 Hardware stack levels used:    1
 Hardware stack levels required when called:    3
 This function calls:
		Nothing
 This function is called by:
		_submit_piece
		_main
 This function uses a non-reentrant model


 *************** function _parse_and_assign *****************
 Defined at:
		line 412 in file "main.c"
 Parameters:    Size  Location     Type
  value           4    0[BANK0 ] unsigned long 
 Auto vars:     Size  Location     Type
  byte3           1    7[BANK0 ] unsigned char 
  byte2           1    6[BANK0 ] unsigned char 
  byte1           1    5[BANK0 ] unsigned char 
  byte0           1    4[BANK0 ] unsigned char 
 Return value:  Size  Location     Type
                  2    0[BANK0 ] PTR unsigned char 
 Registers used:
		wreg, status,2, status,0
 Tracked objects:
		On entry : 
		On exit  : 
		Unchanged: 
 Data sizes:     COMRAM   BANK0   BANK1   BANK2   BANK3   BANK4   BANK5   BANK6   BANK7   BANK8   BANK9  BANK10  BANK11  BANK12  BANK13  BANK14  BANK15
      Params:         0       4       0       0       0       0       0       0       0       0       0       0       0       0       0       0       0
      Locals:         0       4       0       0       0       0       0       0       0       0       0       0       0       0       0       0       0
      Temps:          0       0       0       0       0       0       0       0       0       0       0       0       0       0       0       0       0
      Totals:         0       8       0       0       0       0       0       0       0       0       0       0       0       0       0       0       0
Total ram usage:        8 bytes
 Hardware stack levels used:    1
 Hardware stack levels required when called:    3
 This function calls:
		Nothing
 This function is called by:
		_submit_piece
		_show_piece
 This function uses a non-reentrant model


 *************** function ___awmod *****************
 Defined at:
		line 7 in file "/opt/microchip/xc8/v2.30/pic/sources/c99/common/awmod.c"
 Parameters:    Size  Location     Type
  dividend        2    0[BANK0 ] int 
  divisor         2    2[BANK0 ] int 
 Auto vars:     Size  Location     Type
  sign            1    5[BANK0 ] unsigned char 
  counter         1    4[BANK0 ] unsigned char 
 Return value:  Size  Location     Type
                  2    0[BANK0 ] int 
 Registers used:
		wreg, status,2, status,0
 Tracked objects:
		On entry : 
		On exit  : 
		Unchanged: 
 Data sizes:     COMRAM   BANK0   BANK1   BANK2   BANK3   BANK4   BANK5   BANK6   BANK7   BANK8   BANK9  BANK10  BANK11  BANK12  BANK13  BANK14  BANK15
      Params:         0       4       0       0       0       0       0       0       0       0       0       0       0       0       0       0       0
      Locals:         0       2       0       0       0       0       0       0       0       0       0       0       0       0       0       0       0
      Temps:          0       0       0       0       0       0       0       0       0       0       0       0       0       0       0       0       0
      Totals:         0       6       0       0       0       0       0       0       0       0       0       0       0       0       0       0       0
Total ram usage:        6 bytes
 Hardware stack levels used:    1
 Hardware stack levels required when called:    3
 This function calls:
		Nothing
 This function is called by:
		_submit_piece
 This function uses a non-reentrant model


 *************** function _InitializeTimerAndInterrupts *****************
 Defined at:
		line 148 in file "main.c"
 Parameters:    Size  Location     Type
		None
 Auto vars:     Size  Location     Type
		None
 Return value:  Size  Location     Type
                  1    wreg      void 
 Registers used:
		wreg, status,2
 Tracked objects:
		On entry : 
		On exit  : 
		Unchanged: 
 Data sizes:     COMRAM   BANK0   BANK1   BANK2   BANK3   BANK4   BANK5   BANK6   BANK7   BANK8   BANK9  BANK10  BANK11  BANK12  BANK13  BANK14  BANK15
      Params:         0       0       0       0       0       0       0       0       0       0       0       0       0       0       0       0       0
      Locals:         0       0       0       0       0       0       0       0       0       0       0       0       0       0       0       0       0
      Temps:          0       0       0       0       0       0       0       0       0       0       0       0       0       0       0       0       0
      Totals:         0       0       0       0       0       0       0       0       0       0       0       0       0       0       0       0       0
Total ram usage:        0 bytes
 Hardware stack levels used:    1
 Hardware stack levels required when called:    3
 This function calls:
		Nothing
 This function is called by:
		_main
 This function uses a non-reentrant model


 *************** function _Init *****************
 Defined at:
		line 105 in file "main.c"
 Parameters:    Size  Location     Type
		None
 Auto vars:     Size  Location     Type
		None
 Return value:  Size  Location     Type
                  1    wreg      void 
 Registers used:
		wreg, status,2
 Tracked objects:
		On entry : 
		On exit  : 
		Unchanged: 
 Data sizes:     COMRAM   BANK0   BANK1   BANK2   BANK3   BANK4   BANK5   BANK6   BANK7   BANK8   BANK9  BANK10  BANK11  BANK12  BANK13  BANK14  BANK15
      Params:         0       0       0       0       0       0       0       0       0       0       0       0       0       0       0       0       0
      Locals:         0       0       0       0       0       0       0       0       0       0       0       0       0       0       0       0       0
      Temps:          0       0       0       0       0       0       0       0       0       0       0       0       0       0       0       0       0
      Totals:         0       0       0       0       0       0       0       0       0       0       0       0       0       0       0       0       0
Total ram usage:        0 bytes
 Hardware stack levels used:    1
 Hardware stack levels required when called:    3
 This function calls:
		Nothing
 This function is called by:
		_main
 This function uses a non-reentrant model


 *************** function _HandleInterrupt *****************
 Defined at:
		line 183 in file "main.c"
 Parameters:    Size  Location     Type
		None
 Auto vars:     Size  Location     Type
		None
 Return value:  Size  Location     Type
                  1    wreg      void 
 Registers used:
		wreg, fsr2l, fsr2h, status,2, status,0, cstack
 Tracked objects:
		On entry : 
		On exit  : 
		Unchanged: 
 Data sizes:     COMRAM   BANK0   BANK1   BANK2   BANK3   BANK4   BANK5   BANK6   BANK7   BANK8   BANK9  BANK10  BANK11  BANK12  BANK13  BANK14  BANK15
      Params:         0       0       0       0       0       0       0       0       0       0       0       0       0       0       0       0       0
      Locals:         0       0       0       0       0       0       0       0       0       0       0       0       0       0       0       0       0
      Temps:          2       0       0       0       0       0       0       0       0       0       0       0       0       0       0       0       0
      Totals:         2       0       0       0       0       0       0       0       0       0       0       0       0       0       0       0       0
Total ram usage:        2 bytes
 Hardware stack levels used:    1
 Hardware stack levels required when called:    2
 This function calls:
		_shift_down_piece
 This function is called by:
		Interrupt level 2
 This function uses a non-reentrant model


 *************** function _shift_down_piece *****************
 Defined at:
		line 393 in file "main.c"
 Parameters:    Size  Location     Type
  active_piece    2    8[COMRAM] PTR unsigned long 
		 -> active_piece(4), 
 Auto vars:     Size  Location     Type
  ports           2   42[COMRAM] PTR unsigned char 
		 -> parse_and_assign@ports(4), 
  byte3           1   41[COMRAM] unsigned char 
  byte2           1   40[COMRAM] unsigned char 
  byte1           1   39[COMRAM] unsigned char 
  byte0           1   38[COMRAM] unsigned char 
 Return value:  Size  Location     Type
                  1    wreg      void 
 Registers used:
		wreg, fsr2l, fsr2h, status,2, status,0, cstack
 Tracked objects:
		On entry : 
		On exit  : 
		Unchanged: 
 Data sizes:     COMRAM   BANK0   BANK1   BANK2   BANK3   BANK4   BANK5   BANK6   BANK7   BANK8   BANK9  BANK10  BANK11  BANK12  BANK13  BANK14  BANK15
      Params:         2       0       0       0       0       0       0       0       0       0       0       0       0       0       0       0       0
      Locals:         6       0       0       0       0       0       0       0       0       0       0       0       0       0       0       0       0
      Temps:         28       0       0       0       0       0       0       0       0       0       0       0       0       0       0       0       0
      Totals:        36       0       0       0       0       0       0       0       0       0       0       0       0       0       0       0       0
Total ram usage:       36 bytes
 Hardware stack levels used:    1
 Hardware stack levels required when called:    1
 This function calls:
		i2_parse_and_assign
 This function is called by:
		_HandleInterrupt
 This function uses a non-reentrant model


 *************** function i2_parse_and_assign *****************
 Defined at:
		line 412 in file "main.c"
 Parameters:    Size  Location     Type
  value           4    0[COMRAM] unsigned long 
 Auto vars:     Size  Location     Type
  byte3           1    7[COMRAM] unsigned char 
  byte2           1    6[COMRAM] unsigned char 
  byte1           1    5[COMRAM] unsigned char 
  byte0           1    4[COMRAM] unsigned char 
 Return value:  Size  Location     Type
                  2    0[COMRAM] PTR unsigned char 
 Registers used:
		wreg, status,2, status,0
 Tracked objects:
		On entry : 
		On exit  : 
		Unchanged: 
 Data sizes:     COMRAM   BANK0   BANK1   BANK2   BANK3   BANK4   BANK5   BANK6   BANK7   BANK8   BANK9  BANK10  BANK11  BANK12  BANK13  BANK14  BANK15
      Params:         4       0       0       0       0       0       0       0       0       0       0       0       0       0       0       0       0
      Locals:         4       0       0       0       0       0       0       0       0       0       0       0       0       0       0       0       0
      Temps:          0       0       0       0       0       0       0       0       0       0       0       0       0       0       0       0       0
      Totals:         8       0       0       0       0       0       0       0       0       0       0       0       0       0       0       0       0
Total ram usage:        8 bytes
 Hardware stack levels used:    1
 This function calls:
		Nothing
 This function is called by:
		_shift_down_piece
 This function uses a non-reentrant model



MODULE INFORMATION

Module		Function		Class		Link	Load	Size
/opt/microchip/xc8/v2.30/pic/sources/c99/common/awmod.c
		___awmod       		CODE           	074E	0000	178

/opt/microchip/xc8/v2.30/pic/sources/c99/common/awmod.c estimated size: 178

shared
		i2_parse_and_assign		CODE           	09A4	0000	42
		__initialization		CODE           	0912	0000	48

shared estimated size: 90

main.c
		_parse_and_assign		CODE           	094C	0000	44
		_main          		CODE           	08D4	0000	62
		_shift_down_piece		CODE           	0222	0000	398
		_HandleInterrupt		CODE           	0008	0000	352
		_InitializeTimerAndInterrupts		CODE           	0978	0000	44
		_ProcessButtonPress		CODE           	065A	0000	244
		_show_piece    		CODE           	0012	0000	528
		_Init          		CODE           	087A	0000	90
		_submit_piece  		CODE           	050A	0000	336
		_spawn_piece   		CODE           	0800	0000	122

main.c estimated size: 2220

