Microchip MPLAB XC8 Compiler V2.30

Linker command line:

-W-3 --edf=/opt/microchip/xc8/v2.30/pic/dat/en_msgs.txt -cn \
  -h+dist/Simulate/debug/the2.X.debug.sym \
  --cmf=dist/Simulate/debug/the2.X.debug.cmf -z -Q18F8722 -o/tmp/xcXOJibgg \
  --defsym=__MPLAB_BUILD=1 -Mdist/Simulate/debug/the2.X.debug.map -E1 \
  -ver=XC8 Compiler --acfsm=1493 -ASTACK=08Ch-0EF3h -pstack=STACK \
  -ACODE=00h-01FD2Fh -ACONST=00h-01FD2Fh \
  -ASMALLCONST=01000h-010FFhx493,01FD00h-01FD2Fh \
  -AMEDIUMCONST=01000h-0FFFFh,011000h-01FD2Fh -ACOMRAM=01h-05Fh \
  -AABS1=00h-0EF3h,0F00h-0F5Fh -ABIGRAM=01h-0EF3h,0F00h-0F5Fh \
  -ARAM=060h-0FFh,0100h-01FFhx13,0E00h-0EF3h,0F00h-0F5Fh -ABANK0=060h-0FFh \
  -ABANK1=0100h-01FFh -ABANK2=0200h-02FFh -ABANK3=0300h-03FFh \
  -ABANK4=0400h-04FFh -ABANK5=0500h-05FFh -ABANK6=0600h-06FFh \
  -ABANK7=0700h-07FFh -ABANK8=0800h-08FFh -ABANK9=0900h-09FFh \
  -ABANK10=0A00h-0AFFh -ABANK11=0B00h-0BFFh -ABANK12=0C00h-0CFFh \
  -ABANK13=0D00h-0DFFh -ABANK14=0E00h-0EF3h -ABANK15=0F00h-0F5Fh \
  -ASFR=0F60h-0F9Bh,0F9Dh-0FD3h,0FD5h-0FDAh,0FE0h-0FE2h,0FE8h-0FEAh,0FF0h-0FFCh \
  -ACONFIG=0300000h-030000Dh -AIDLOC=0200000h-0200007h \
  -AEEDATA=0F00000h-0F003FFh -peeprom_data=EEDATA \
  -preset_vec=00h,intcode=08h,intcodelo,powerup,init -pramtop=01000h \
  -psmallconst=SMALLCONST -pmediumconst=MEDIUMCONST -pconst=CONST \
  -AFARRAM=00h-00h \
  -prdata=COMRAM,nvrram=COMRAM,nvbit=COMRAM,rbss=COMRAM,rbit=COMRAM \
  -pfarbss=FARRAM,fardata=FARRAM,nvFARRAM=FARRAM \
  -pintsave_regs=BIGRAM,bigbss=BIGRAM,bigdata=BIGRAM -pbss=RAM \
  -pidata=CODE,irdata=CODE,ibigdata=CODE,ifardata=CODE -prparam=COMRAM \
  /tmp/xcXgNbaAh.o dist/Simulate/debug/the2.X.debug.o 

Object code version is 3.11

Machine type is 18F8722



                Name                               Link     Load   Length Selector   Space Scale
/tmp/xcXgNbaAh.o
                config                           300000   300000        8        0       4
                init                                  E        E        4        4       0
                reset_vec                             0        0        4        0       0
dist/Simulate/debug/the2.X.debug.o
                intcode                               8        8        6        4       0
                config                           300000   300000        8        0       4
                temp                                 57       57        1        1       1
                smallconst                         1000     1000        C      800       0
                text22                             2580     2580       3E      806       0
                text21                             100C     100C      318      806       0
                text20                             21EC     21EC       B0      806       0
                text19                             233E     233E       A2      806       0
                text18                             1BD0     1BD0      13C      806       0
                text17                             1D0C     1D0C      138      806       0
                text16                             1662     1662      18E      806       0
                intcode_body                       1324     1324      1AC      806       0
                text14                             23E0     23E0       6A      806       0
                text13                             25BE     25BE       32      806       0
                text12                             2540     2540       40      806       0
                text11                             1A92     1A92      13E      806       0
                text10                             1F5E     1F5E      116      806       0
                text9                              1E44     1E44      11A      806       0
                text8                              1954     1954      13E      806       0
                text7                              17F0     17F0      164      806       0
                text6                              2074     2074       C6      806       0
                text5                              213A     213A       B2      806       0
                text4                              24F6     24F6       4A      806       0
                text3                              244A     244A       62      806       0
                text2                              14D0     14D0      192      806       0
                text1                              229C     229C       A2      806       0
                text0                              25F0     25F0       30      806       0
                cstackCOMRAM                          1        1       2C        1       1
                cstackBANK0                          60       60       22       60       1
                bssBANK0                             82       82        A       60       1
                dataCOMRAM                           52       52        4        1       1
                bssCOMRAM                            2D       2D       25        1       1
                cinit                              24AC     24AC       4A      806       0
                nvCOMRAM                             56       56        1        1       1
                idataCOMRAM                        2620     2620        4      806       0

TOTAL           Name                               Link     Load   Length     Space
        CLASS   STACK          

        CLASS   CODE           
                intcode                               8        8        6         0
                init                                  E        E        4         0
                reset_vec                             0        0        4         0
                text22                             2580     2580       3E         0
                text21                             100C     100C      318         0
                text20                             21EC     21EC       B0         0
                text19                             233E     233E       A2         0
                text18                             1BD0     1BD0      13C         0
                text17                             1D0C     1D0C      138         0
                text16                             1662     1662      18E         0
                intcode_body                       1324     1324      1AC         0
                text14                             23E0     23E0       6A         0
                text13                             25BE     25BE       32         0
                text12                             2540     2540       40         0
                text11                             1A92     1A92      13E         0
                text10                             1F5E     1F5E      116         0
                text9                              1E44     1E44      11A         0
                text8                              1954     1954      13E         0
                text7                              17F0     17F0      164         0
                text6                              2074     2074       C6         0
                text5                              213A     213A       B2         0
                text4                              24F6     24F6       4A         0
                text3                              244A     244A       62         0
                text2                              14D0     14D0      192         0
                text1                              229C     229C       A2         0
                text0                              25F0     25F0       30         0
                cinit                              24AC     24AC       4A         0
                idataCOMRAM                        2620     2620        4         0

        CLASS   CONST          

        CLASS   SMALLCONST     
                smallconst                         1000     1000        C         0

        CLASS   MEDIUMCONST    

        CLASS   COMRAM         
                temp                                 57       57        1         1
                cstackCOMRAM                          1        1       2C         1
                dataCOMRAM                           52       52        4         1
                bssCOMRAM                            2D       2D       25         1
                nvCOMRAM                             56       56        1         1

        CLASS   ABS1           

        CLASS   BIGRAM         

        CLASS   RAM            

        CLASS   BANK0          
                cstackBANK0                          60       60       22         1
                bssBANK0                             82       82        A         1

        CLASS   BANK1          

        CLASS   BANK2          

        CLASS   BANK3          

        CLASS   BANK4          

        CLASS   BANK5          

        CLASS   BANK6          

        CLASS   BANK7          

        CLASS   BANK8          

        CLASS   BANK9          

        CLASS   BANK10         

        CLASS   BANK11         

        CLASS   BANK12         

        CLASS   BANK13         

        CLASS   BANK14         

        CLASS   BANK15         

        CLASS   SFR            

        CLASS   CONFIG         
                config                           300000   300000        8         4

        CLASS   IDLOC          

        CLASS   EEDATA         

        CLASS   FARRAM         



SEGMENTS        Name                           Load    Length   Top    Selector   Space  Class

                reset_vec                      000000  000004  000004         0       0  CODE    
                cstackBANK0                    000060  00002C  00008C        60       1  BANK0   
                text21                         00100C  001618  002624       806       0  CODE    
                intcode                        000008  00000A  000012         4       0  CODE    
                cstackCOMRAM                   000001  000057  000058         1       1  COMRAM  
                smallconst                     001000  00000C  00100C       800       0  SMALLCON


UNUSED ADDRESS RANGES

        Name                Unused          Largest block    Delta
        BANK0            00008C-0000FF               74
        BANK1            000100-0001FF              100
        BANK10           000A00-000AFF              100
        BANK11           000B00-000BFF              100
        BANK12           000C00-000CFF              100
        BANK13           000D00-000DFF              100
        BANK14           000E00-000EF3               F4
        BANK15           000F00-000F5F               60
        BANK2            000200-0002FF              100
        BANK3            000300-0003FF              100
        BANK4            000400-0004FF              100
        BANK5            000500-0005FF              100
        BANK6            000600-0006FF              100
        BANK7            000700-0007FF              100
        BANK8            000800-0008FF              100
        BANK9            000900-0009FF              100
        BIGRAM           000058-00005F                8
                         00008C-000EF3              E68
                         000F00-000F5F               60
        CODE             000004-000007                4
                         000012-000FFF              FEE
                         002624-01FD2F            1D70C
        COMRAM           000058-00005F                8
        CONFIG           300008-30000D                6
        CONST            000004-000007                4
                         000012-000FFF              FEE
                         002624-01FD2F            1D70C
        EEDATA           F00000-F003FF              400
        IDLOC            200000-200007                8
        MEDIUMCONST      002624-00FFFF             D9DC
                         011000-01FD2F             ED30
        RAM              00008C-000EF3              100
                         000F00-000F5F               60
        SFR              000F60-000F9B               3C
                         000F9D-000FD3               37
                         000FD5-000FDA                6
                         000FE0-000FE2                3
                         000FE8-000FEA                3
                         000FF0-000FFC                D
        SMALLCONST       002624-01FD2F              100
        STACK            00008C-000EF3              E68

                                  Symbol Table

?___awdiv                              cstackBANK0  000060
?___awmod                              cstackBANK0  000060
?i2___awmod                            cstackCOMRAM 000001
_Button_Press                          bssBANK0     00008B
_HandleInterrupt                       intcode      000008
_INTCON3bits                           (abs)        000FF0
_INTCONbits                            (abs)        000FF2
_Init                                  text14       0023E0
_InitializeTimerAndInterrupts          text13       0025BE
_LATA                                  (abs)        000F89
_LATB                                  (abs)        000F8A
_LATC                                  (abs)        000F8B
_LATC_flag                             bssCOMRAM    00003F
_LATC_old                              bssCOMRAM    00004C
_LATC_value                            bssCOMRAM    000050
_LATD                                  (abs)        000F8C
_LATD_flag                             bssCOMRAM    00003D
_LATD_old                              bssCOMRAM    00004B
_LATD_value                            bssCOMRAM    00004F
_LATE                                  (abs)        000F8D
_LATE_flag                             bssCOMRAM    00003B
_LATE_old                              bssCOMRAM    00004A
_LATE_value                            bssCOMRAM    00004E
_LATF                                  (abs)        000F8E
_LATF_flag                             bssCOMRAM    000039
_LATF_old                              bssCOMRAM    000049
_LATF_value                            bssCOMRAM    00004D
_LATG                                  (abs)        000F8F
_PORTA                                 (abs)        000F80
_PORTB                                 (abs)        000F81
_PORTBbits                             (abs)        000F81
_PORTC                                 (abs)        000F82
_PORTD                                 (abs)        000F83
_PORTE                                 (abs)        000F84
_PORTF                                 (abs)        000F85
_PORTG                                 (abs)        000F86
_PORTGbits                             (abs)        000F86
_PORTH                                 (abs)        000F87
_PORTJ                                 (abs)        000F88
_RCONbits                              (abs)        000FD0
_T0CONbits                             (abs)        000FD5
_TMR0H                                 (abs)        000FD7
_TMR0L                                 (abs)        000FD6
_TRISA                                 (abs)        000F92
_TRISB                                 (abs)        000F93
_TRISC                                 (abs)        000F94
_TRISD                                 (abs)        000F95
_TRISE                                 (abs)        000F96
_TRISF                                 (abs)        000F97
_TRISG                                 (abs)        000F98
_TRISH                                 (abs)        000F99
_TRISJ                                 (abs)        000F9A
_Temp_Press                            bssBANK0     00008A
__HRAM                                 (abs)        000000
__Habs1                                abs1         000000
__Hbank0                               bank0        000000
__Hbank1                               bank1        000000
__Hbank10                              bank10       000000
__Hbank11                              bank11       000000
__Hbank12                              bank12       000000
__Hbank13                              bank13       000000
__Hbank14                              bank14       000000
__Hbank15                              bank15       000000
__Hbank2                               bank2        000000
__Hbank3                               bank3        000000
__Hbank4                               bank4        000000
__Hbank5                               bank5        000000
__Hbank6                               bank6        000000
__Hbank7                               bank7        000000
__Hbank8                               bank8        000000
__Hbank9                               bank9        000000
__Hbigbss                              bigbss       000000
__Hbigdata                             bigdata      000000
__Hbigram                              bigram       000000
__Hbss                                 bss          000000
__HbssBANK0                            bssBANK0     000000
__HbssCOMRAM                           bssCOMRAM    000000
__Hcinit                               cinit        000000
__Hclrtext                             clrtext      000000
__Hcomram                              comram       000000
__Hconfig                              config       300008
__Hconst                               const        000000
__HcstackBANK0                         cstackBANK0  000000
__HcstackCOMRAM                        cstackCOMRAM 000000
__Hdata                                data         000000
__HdataCOMRAM                          dataCOMRAM   000000
__Heeprom_data                         eeprom_data  000000
__Hfarbss                              farbss       000000
__Hfardata                             fardata      000000
__Hibigdata                            ibigdata     000000
__Hidata                               idata        000000
__HidataCOMRAM                         idataCOMRAM  000000
__Hidloc                               idloc        000000
__Hifardata                            ifardata     000000
__Hinit                                init         000012
__Hintcode                             intcode      00000E
__Hintcode_body                        intcode_body 000000
__Hintcodelo                           intcodelo    00000E
__Hintentry                            intentry     000000
__Hintret                              intret       000000
__Hintsave_regs                        intsave_regs 000000
__Hirdata                              irdata       000000
__Hmediumconst                         mediumconst  000000
__HnvCOMRAM                            nvCOMRAM     000000
__HnvFARRAM                            nvFARRAM     000000
__Hnvbit                               nvbit        000000
__Hnvrram                              nvrram       000000
__Hparam                               rparam       000000
__Hpowerup                             powerup      00000E
__Hram                                 ram          000000
__Hramtop                              ramtop       001000
__Hrbit                                rbit         000000
__Hrbss                                rbss         000000
__Hrdata                               rdata        000000
__Hreset_vec                           reset_vec    000004
__Hrparam                              rparam       000000
__Hsfr                                 sfr          000000
__Hsmallconst                          smallconst   00100C
__Hspace_0                             (abs)        002624
__Hspace_1                             (abs)        00008C
__Hspace_2                             (abs)        000000
__Hspace_4                             (abs)        600008
__Hstack                               stack        000000
__Hstruct                              struct       000000
__Htemp                                temp         000058
__Htext                                text         000000
__Htext0                               text0        000000
__Htext1                               text1        000000
__Htext10                              text10       000000
__Htext11                              text11       000000
__Htext12                              text12       000000
__Htext13                              text13       000000
__Htext14                              text14       000000
__Htext16                              text16       000000
__Htext17                              text17       000000
__Htext18                              text18       000000
__Htext19                              text19       000000
__Htext2                               text2        000000
__Htext20                              text20       000000
__Htext21                              text21       000000
__Htext22                              text22       000000
__Htext3                               text3        000000
__Htext4                               text4        000000
__Htext5                               text5        000000
__Htext6                               text6        000000
__Htext7                               text7        000000
__Htext8                               text8        000000
__Htext9                               text9        000000
__LRAM                                 (abs)        000001
__Labs1                                abs1         000000
__Lbank0                               bank0        000000
__Lbank1                               bank1        000000
__Lbank10                              bank10       000000
__Lbank11                              bank11       000000
__Lbank12                              bank12       000000
__Lbank13                              bank13       000000
__Lbank14                              bank14       000000
__Lbank15                              bank15       000000
__Lbank2                               bank2        000000
__Lbank3                               bank3        000000
__Lbank4                               bank4        000000
__Lbank5                               bank5        000000
__Lbank6                               bank6        000000
__Lbank7                               bank7        000000
__Lbank8                               bank8        000000
__Lbank9                               bank9        000000
__Lbigbss                              bigbss       000000
__Lbigdata                             bigdata      000000
__Lbigram                              bigram       000000
__Lbss                                 bss          000000
__LbssBANK0                            bssBANK0     000000
__LbssCOMRAM                           bssCOMRAM    000000
__Lcinit                               cinit        000000
__Lclrtext                             clrtext      000000
__Lcomram                              comram       000000
__Lconfig                              config       000000
__Lconst                               const        000000
__LcstackBANK0                         cstackBANK0  000000
__LcstackCOMRAM                        cstackCOMRAM 000000
__Ldata                                data         000000
__LdataCOMRAM                          dataCOMRAM   000000
__Leeprom_data                         eeprom_data  000000
__Lfarbss                              farbss       000000
__Lfardata                             fardata      000000
__Libigdata                            ibigdata     000000
__Lidata                               idata        000000
__LidataCOMRAM                         idataCOMRAM  000000
__Lidloc                               idloc        000000
__Lifardata                            ifardata     000000
__Linit                                init         00000E
__Lintcode                             intcode      000008
__Lintcode_body                        intcode_body 000000
__Lintcodelo                           intcodelo    00000E
__Lintentry                            intentry     000000
__Lintret                              intret       000000
__Lintsave_regs                        intsave_regs 000000
__Lirdata                              irdata       000000
__Lmediumconst                         mediumconst  000000
__LnvCOMRAM                            nvCOMRAM     000000
__LnvFARRAM                            nvFARRAM     000000
__Lnvbit                               nvbit        000000
__Lnvrram                              nvrram       000000
__Lparam                               rparam       000000
__Lpowerup                             powerup      00000E
__Lram                                 ram          000000
__Lramtop                              ramtop       001000
__Lrbit                                rbit         000000
__Lrbss                                rbss         000000
__Lrdata                               rdata        000000
__Lreset_vec                           reset_vec    000000
__Lrparam                              rparam       000000
__Lsfr                                 sfr          000000
__Lsmallconst                          smallconst   001000
__Lspace_0                             (abs)        000000
__Lspace_1                             (abs)        000000
__Lspace_2                             (abs)        000000
__Lspace_4                             (abs)        000000
__Lstack                               stack        000000
__Lstruct                              struct       000000
__Ltemp                                temp         000057
__Ltext                                text         000000
__Ltext0                               text0        000000
__Ltext1                               text1        000000
__Ltext10                              text10       000000
__Ltext11                              text11       000000
__Ltext12                              text12       000000
__Ltext13                              text13       000000
__Ltext14                              text14       000000
__Ltext16                              text16       000000
__Ltext17                              text17       000000
__Ltext18                              text18       000000
__Ltext19                              text19       000000
__Ltext2                               text2        000000
__Ltext20                              text20       000000
__Ltext21                              text21       000000
__Ltext22                              text22       000000
__Ltext3                               text3        000000
__Ltext4                               text4        000000
__Ltext5                               text5        000000
__Ltext6                               text6        000000
__Ltext7                               text7        000000
__Ltext8                               text8        000000
__Ltext9                               text9        000000
__S0                                   (abs)        002624
__S1                                   (abs)        00008C
__S2                                   (abs)        000000
__S4                                   (abs)        000000
__S5                                   (abs)        000000
___awdiv                               text6        002074
___awdiv@counter                       cstackBANK0  000064
___awdiv@dividend                      cstackBANK0  000060
___awdiv@divisor                       cstackBANK0  000062
___awdiv@quotient                      cstackBANK0  000066
___awdiv@sign                          cstackBANK0  000065
___awmod                               text5        00213A
___awmod@counter                       cstackBANK0  000064
___awmod@dividend                      cstackBANK0  000060
___awmod@divisor                       cstackBANK0  000062
___awmod@sign                          cstackBANK0  000065
___extmem_base                         (abs)        020000
___inthi_sp                            stack        000000
___intlo_sp                            stack        000000
___param_bank                          (abs)        000000
___rparam_used                         (abs)        000001
___sp                                  stack        000000
__accesstop                            (abs)        000060
__activetblptr                         (abs)        000001
__end_of_HandleInterrupt               intcode_body 0014D0
__end_of_Init                          text14       00244A
__end_of_InitializeTimerAndInterrupts  text13       0025F0
__end_of___awdiv                       text6        00213A
__end_of___awmod                       text5        0021EC
__end_of__initialization               cinit        0024E4
__end_of_check_buttons_rg              text7        001954
__end_of_displayDigit                  text4        002540
__end_of_displayNumber                 text3        0024AC
__end_of_main                          text0        002620
__end_of_move_down                     text11       001BD0
__end_of_move_left                     text10       002074
__end_of_move_right                    text9        001F5E
__end_of_move_up                       text8        001A92
__end_of_parse_and_assign              text12       002580
__end_of_rotate_piece                  text21       001324
__end_of_segmentCodes                  smallconst   00100B
__end_of_show_piece                    text2        001662
__end_of_spawn_piece                   text1        00233E
__end_of_submit_piece                  text18       001D0C
__end_ofi2___awmod                     text20       00229C
__end_ofi2_move_down                   text17       001E44
__end_ofi2_parse_and_assign            text22       0025BE
__end_ofi2_show_piece                  text16       0017F0
__end_ofi2_spawn_piece                 text19       0023E0
__initialization                       cinit        0024AC
__mediumconst                          mediumconst  000000
__pbssBANK0                            bssBANK0     000082
__pbssCOMRAM                           bssCOMRAM    00002D
__pcinit                               cinit        0024AC
__pcstackBANK0                         cstackBANK0  000060
__pcstackCOMRAM                        cstackCOMRAM 000001
__pdataCOMRAM                          dataCOMRAM   000052
__pidataCOMRAM                         idataCOMRAM  002620
__pintcode                             intcode      000008
__pintcode_body                        intcode_body 001324
__pnvCOMRAM                            nvCOMRAM     000056
__psmallconst                          smallconst   001000
__ptext0                               text0        0025F0
__ptext1                               text1        00229C
__ptext10                              text10       001F5E
__ptext11                              text11       001A92
__ptext12                              text12       002540
__ptext13                              text13       0025BE
__ptext14                              text14       0023E0
__ptext16                              text16       001662
__ptext17                              text17       001D0C
__ptext18                              text18       001BD0
__ptext19                              text19       00233E
__ptext2                               text2        0014D0
__ptext20                              text20       0021EC
__ptext21                              text21       00100C
__ptext22                              text22       002580
__ptext3                               text3        00244A
__ptext4                               text4        0024F6
__ptext5                               text5        00213A
__ptext6                               text6        002074
__ptext7                               text7        0017F0
__ptext8                               text8        001954
__ptext9                               text9        001E44
__ramtop                               ramtop       001000
__size_of_HandleInterrupt              (abs)        000000
__size_of_Init                         (abs)        000000
__size_of_InitializeTimerAndInterrupts (abs)        000000
__size_of___awdiv                      (abs)        000000
__size_of___awmod                      (abs)        000000
__size_of_check_buttons_rg             (abs)        000000
__size_of_displayDigit                 (abs)        000000
__size_of_displayNumber                (abs)        000000
__size_of_main                         (abs)        000000
__size_of_move_down                    (abs)        000000
__size_of_move_left                    (abs)        000000
__size_of_move_right                   (abs)        000000
__size_of_move_up                      (abs)        000000
__size_of_parse_and_assign             (abs)        000000
__size_of_rotate_piece                 (abs)        000000
__size_of_show_piece                   (abs)        000000
__size_of_spawn_piece                  (abs)        000000
__size_of_submit_piece                 (abs)        000000
__size_ofi2___awmod                    (abs)        000000
__size_ofi2_move_down                  (abs)        000000
__size_ofi2_parse_and_assign           (abs)        000000
__size_ofi2_show_piece                 (abs)        000000
__size_ofi2_spawn_piece                (abs)        000000
__smallconst                           smallconst   001000
_active_piece                          bssCOMRAM    000031
_active_piece_first                    bssBANK0     000082
_active_piece_record                   bssCOMRAM    00002D
_blink_flag                            bssCOMRAM    000043
_buttonCount                           bssCOMRAM    000047
_buttonState                           bssCOMRAM    000048
_can_submit                            dataCOMRAM   000052
_check_buttons_rg                      text7        0017F0
_displayDigit                          text4        0024F6
_displayNumber                         text3        00244A
_is_active                             bssCOMRAM    000037
_lastRBState                           nvCOMRAM     000056
_main                                  text0        0025F0
_move_down                             text11       001A92
_move_left                             text10       001F5E
_move_right                            text9        001E44
_move_up                               text8        001954
_parse_and_assign                      text12       002540
_port_c_decimal                        bssCOMRAM    000045
_prevB                                 bssCOMRAM    000051
_prev_piece                            dataCOMRAM   000054
_rotate_counter                        bssCOMRAM    000035
_rotate_piece                          text21       00100C
_segmentCodes                          smallconst   001001
_show_piece                            text2        0014D0
_spawn_piece                           text1        00229C
_submit_piece                          text18       001BD0
_total_pieces                          bssBANK0     000086
_two_seconds_counter                   bssCOMRAM    000041
btemp                                  temp         000057
check_buttons_rg@buttonCount           bssBANK0     000088
check_buttons_rg@currentButtonRead     cstackBANK0  000081
check_buttons_rg@state                 bssBANK0     000089
displayDigit@digit                     cstackBANK0  000060
displayDigit@position                  cstackBANK0  000062
displayNumber@number                   cstackBANK0  000068
displayNumber@tens                     cstackBANK0  00006A
displayNumber@units                    cstackBANK0  00006C
end_of_initialization                  cinit        0024E4
i2___awmod                             text20       0021EC
i2___awmod@counter                     cstackCOMRAM 000005
i2___awmod@dividend                    cstackCOMRAM 000001
i2___awmod@divisor                     cstackCOMRAM 000003
i2___awmod@sign                        cstackCOMRAM 000006
i2_move_down                           text17       001D0C
i2_parse_and_assign                    text22       002580
i2_show_piece                          text16       001662
i2_spawn_piece                         text19       00233E
i2move_down@ports                      cstackCOMRAM 00001B
i2parse_and_assign@ports               cstackCOMRAM 000005
i2parse_and_assign@value               cstackCOMRAM 000001
i2show_piece@ports                     cstackCOMRAM 000007
int$flags                              temp         000057
int_func                               intcode_body 001324
intlevel0                              text         000000
intlevel1                              text         000000
intlevel2                              text         000000
intlevel3                              text         000000
move_down@ports                        cstackBANK0  00007A
move_left@ports                        cstackBANK0  00007D
move_left@temp1                        cstackBANK0  00007C
move_left@temp2                        cstackBANK0  00007B
move_right@ports                       cstackBANK0  00007D
move_right@temp0                       cstackBANK0  00007C
move_right@temp1                       cstackBANK0  00007B
move_right@temp2                       cstackBANK0  00007A
move_up@ports                          cstackBANK0  00007A
parse_and_assign@ports                 cstackBANK0  000064
parse_and_assign@value                 cstackBANK0  000060
rotate_piece@port                      cstackCOMRAM 000027
rotate_piece@temp                      cstackCOMRAM 00001F
rotate_piece@temp_543                  cstackCOMRAM 000020
rotate_piece@temp_544                  cstackCOMRAM 000021
rotate_piece@temp_545                  cstackCOMRAM 000022
rotate_piece@temp_546                  cstackCOMRAM 000023
rotate_piece@temp_547                  cstackCOMRAM 000024
rotate_piece@temp_549                  cstackCOMRAM 000025
rotate_piece@temp_550                  cstackCOMRAM 000026
show_piece@ports                       cstackBANK0  000066
stackhi                                (abs)        000EF3
stacklo                                (abs)        00008C
start                                  init         00000E
start_initialization                   cinit        0024AC
submit_piece@ports                     cstackCOMRAM 000007
ttemp5                                 temp         000058
ttemp6                                 temp         00005B
ttemp7                                 temp         00005F
wtemp8                                 temp         000058


FUNCTION INFORMATION:

 *************** function _main *****************
 Defined at:
		line 767 in file "main.c"
 Parameters:    Size  Location     Type
		None
 Auto vars:     Size  Location     Type
		None
 Return value:  Size  Location     Type
                  1    wreg      void 
 Registers used:
		wreg, fsr2l, fsr2h, status,2, status,0, tblptrl, tblptrh, tblptru, cstack
 Tracked objects:
		On entry : 
		On exit  : 
		Unchanged: 
 Data sizes:     COMRAM   BANK0   BANK1   BANK2   BANK3   BANK4   BANK5   BANK6   BANK7   BANK8   BANK9  BANK10  BANK11  BANK12  BANK13  BANK14  BANK15
      Params:         0       0       0       0       0       0       0       0       0       0       0       0       0       0       0       0       0
      Locals:         0       0       0       0       0       0       0       0       0       0       0       0       0       0       0       0       0
      Temps:          0       0       0       0       0       0       0       0       0       0       0       0       0       0       0       0       0
      Totals:         0       0       0       0       0       0       0       0       0       0       0       0       0       0       0       0       0
Total ram usage:        0 bytes
 Hardware stack levels required when called:    6
 This function calls:
		_Init
		_InitializeTimerAndInterrupts
		_check_buttons_rg
		_displayNumber
		_show_piece
		_spawn_piece
 This function is called by:
		Startup code after reset
 This function uses a non-reentrant model


 *************** function _spawn_piece *****************
 Defined at:
		line 674 in file "main.c"
 Parameters:    Size  Location     Type
		None
 Auto vars:     Size  Location     Type
		None
 Return value:  Size  Location     Type
                  1    wreg      void 
 Registers used:
		wreg, status,2, status,0
 Tracked objects:
		On entry : 
		On exit  : 
		Unchanged: 
 Data sizes:     COMRAM   BANK0   BANK1   BANK2   BANK3   BANK4   BANK5   BANK6   BANK7   BANK8   BANK9  BANK10  BANK11  BANK12  BANK13  BANK14  BANK15
      Params:         0       0       0       0       0       0       0       0       0       0       0       0       0       0       0       0       0
      Locals:         0       0       0       0       0       0       0       0       0       0       0       0       0       0       0       0       0
      Temps:          0       0       0       0       0       0       0       0       0       0       0       0       0       0       0       0       0
      Totals:         0       0       0       0       0       0       0       0       0       0       0       0       0       0       0       0       0
Total ram usage:        0 bytes
 Hardware stack levels used:    1
 Hardware stack levels required when called:    3
 This function calls:
		Nothing
 This function is called by:
		_main
 This function uses a non-reentrant model


 *************** function _show_piece *****************
 Defined at:
		line 699 in file "main.c"
 Parameters:    Size  Location     Type
		None
 Auto vars:     Size  Location     Type
  ports           4    6[BANK0 ] unsigned char [4]
 Return value:  Size  Location     Type
                  1    wreg      void 
 Registers used:
		wreg, fsr2l, fsr2h, status,2, status,0, cstack
 Tracked objects:
		On entry : 
		On exit  : 
		Unchanged: 
 Data sizes:     COMRAM   BANK0   BANK1   BANK2   BANK3   BANK4   BANK5   BANK6   BANK7   BANK8   BANK9  BANK10  BANK11  BANK12  BANK13  BANK14  BANK15
      Params:         0       0       0       0       0       0       0       0       0       0       0       0       0       0       0       0       0
      Locals:         0       4       0       0       0       0       0       0       0       0       0       0       0       0       0       0       0
      Temps:          0       0       0       0       0       0       0       0       0       0       0       0       0       0       0       0       0
      Totals:         0       4       0       0       0       0       0       0       0       0       0       0       0       0       0       0       0
Total ram usage:        4 bytes
 Hardware stack levels used:    1
 Hardware stack levels required when called:    4
 This function calls:
		_parse_and_assign
 This function is called by:
		_main
 This function uses a non-reentrant model


 *************** function _displayNumber *****************
 Defined at:
		line 755 in file "main.c"
 Parameters:    Size  Location     Type
  number          2    8[BANK0 ] int 
 Auto vars:     Size  Location     Type
  units           2   12[BANK0 ] int 
  tens            2   10[BANK0 ] int 
 Return value:  Size  Location     Type
                  1    wreg      void 
 Registers used:
		wreg, status,2, status,0, tblptrl, tblptrh, tblptru, cstack
 Tracked objects:
		On entry : 
		On exit  : 
		Unchanged: 
 Data sizes:     COMRAM   BANK0   BANK1   BANK2   BANK3   BANK4   BANK5   BANK6   BANK7   BANK8   BANK9  BANK10  BANK11  BANK12  BANK13  BANK14  BANK15
      Params:         0       2       0       0       0       0       0       0       0       0       0       0       0       0       0       0       0
      Locals:         0       4       0       0       0       0       0       0       0       0       0       0       0       0       0       0       0
      Temps:          0       0       0       0       0       0       0       0       0       0       0       0       0       0       0       0       0
      Totals:         0       6       0       0       0       0       0       0       0       0       0       0       0       0       0       0       0
Total ram usage:        6 bytes
 Hardware stack levels used:    1
 Hardware stack levels required when called:    4
 This function calls:
		___awdiv
		___awmod
		_displayDigit
 This function is called by:
		_main
 This function uses a non-reentrant model


 *************** function _displayDigit *****************
 Defined at:
		line 747 in file "main.c"
 Parameters:    Size  Location     Type
  digit           2    0[BANK0 ] int 
  position        1    2[BANK0 ] unsigned char 
 Auto vars:     Size  Location     Type
		None
 Return value:  Size  Location     Type
                  1    wreg      void 
 Registers used:
		wreg, status,2, status,0, tblptrl, tblptrh, tblptru
 Tracked objects:
		On entry : 
		On exit  : 
		Unchanged: 
 Data sizes:     COMRAM   BANK0   BANK1   BANK2   BANK3   BANK4   BANK5   BANK6   BANK7   BANK8   BANK9  BANK10  BANK11  BANK12  BANK13  BANK14  BANK15
      Params:         0       3       0       0       0       0       0       0       0       0       0       0       0       0       0       0       0
      Locals:         0       0       0       0       0       0       0       0       0       0       0       0       0       0       0       0       0
      Temps:          0       2       0       0       0       0       0       0       0       0       0       0       0       0       0       0       0
      Totals:         0       5       0       0       0       0       0       0       0       0       0       0       0       0       0       0       0
Total ram usage:        5 bytes
 Hardware stack levels used:    1
 Hardware stack levels required when called:    3
 This function calls:
		Nothing
 This function is called by:
		_displayNumber
 This function uses a non-reentrant model


 *************** function ___awmod *****************
 Defined at:
		line 7 in file "/opt/microchip/xc8/v2.30/pic/sources/c99/common/awmod.c"
 Parameters:    Size  Location     Type
  dividend        2    0[BANK0 ] int 
  divisor         2    2[BANK0 ] int 
 Auto vars:     Size  Location     Type
  sign            1    5[BANK0 ] unsigned char 
  counter         1    4[BANK0 ] unsigned char 
 Return value:  Size  Location     Type
                  2    0[BANK0 ] int 
 Registers used:
		wreg, status,2, status,0
 Tracked objects:
		On entry : 
		On exit  : 
		Unchanged: 
 Data sizes:     COMRAM   BANK0   BANK1   BANK2   BANK3   BANK4   BANK5   BANK6   BANK7   BANK8   BANK9  BANK10  BANK11  BANK12  BANK13  BANK14  BANK15
      Params:         0       4       0       0       0       0       0       0       0       0       0       0       0       0       0       0       0
      Locals:         0       2       0       0       0       0       0       0       0       0       0       0       0       0       0       0       0
      Temps:          0       0       0       0       0       0       0       0       0       0       0       0       0       0       0       0       0
      Totals:         0       6       0       0       0       0       0       0       0       0       0       0       0       0       0       0       0
Total ram usage:        6 bytes
 Hardware stack levels used:    1
 Hardware stack levels required when called:    3
 This function calls:
		Nothing
 This function is called by:
		_displayNumber
 This function uses a non-reentrant model


 *************** function ___awdiv *****************
 Defined at:
		line 7 in file "/opt/microchip/xc8/v2.30/pic/sources/c99/common/awdiv.c"
 Parameters:    Size  Location     Type
  dividend        2    0[BANK0 ] int 
  divisor         2    2[BANK0 ] int 
 Auto vars:     Size  Location     Type
  quotient        2    6[BANK0 ] int 
  sign            1    5[BANK0 ] unsigned char 
  counter         1    4[BANK0 ] unsigned char 
 Return value:  Size  Location     Type
                  2    0[BANK0 ] int 
 Registers used:
		wreg, status,2, status,0
 Tracked objects:
		On entry : 
		On exit  : 
		Unchanged: 
 Data sizes:     COMRAM   BANK0   BANK1   BANK2   BANK3   BANK4   BANK5   BANK6   BANK7   BANK8   BANK9  BANK10  BANK11  BANK12  BANK13  BANK14  BANK15
      Params:         0       4       0       0       0       0       0       0       0       0       0       0       0       0       0       0       0
      Locals:         0       4       0       0       0       0       0       0       0       0       0       0       0       0       0       0       0
      Temps:          0       0       0       0       0       0       0       0       0       0       0       0       0       0       0       0       0
      Totals:         0       8       0       0       0       0       0       0       0       0       0       0       0       0       0       0       0
Total ram usage:        8 bytes
 Hardware stack levels used:    1
 Hardware stack levels required when called:    3
 This function calls:
		Nothing
 This function is called by:
		_displayNumber
 This function uses a non-reentrant model


 *************** function _check_buttons_rg *****************
 Defined at:
		line 483 in file "main.c"
 Parameters:    Size  Location     Type
		None
 Auto vars:     Size  Location     Type
  currentButto    1   33[BANK0 ] struct .
 Return value:  Size  Location     Type
                  1    wreg      void 
 Registers used:
		wreg, fsr2l, fsr2h, status,2, status,0, cstack
 Tracked objects:
		On entry : 
		On exit  : 
		Unchanged: 
 Data sizes:     COMRAM   BANK0   BANK1   BANK2   BANK3   BANK4   BANK5   BANK6   BANK7   BANK8   BANK9  BANK10  BANK11  BANK12  BANK13  BANK14  BANK15
      Params:         0       0       0       0       0       0       0       0       0       0       0       0       0       0       0       0       0
      Locals:         0       1       0       0       0       0       0       0       0       0       0       0       0       0       0       0       0
      Temps:          0       0       0       0       0       0       0       0       0       0       0       0       0       0       0       0       0
      Totals:         0       1       0       0       0       0       0       0       0       0       0       0       0       0       0       0       0
Total ram usage:        1 bytes
 Hardware stack levels used:    1
 Hardware stack levels required when called:    5
 This function calls:
		_move_down
		_move_left
		_move_right
		_move_up
 This function is called by:
		_main
 This function uses a non-reentrant model


 *************** function _move_up *****************
 Defined at:
		line 617 in file "main.c"
 Parameters:    Size  Location     Type
		None
 Auto vars:     Size  Location     Type
  ports           4   26[BANK0 ] unsigned char [4]
 Return value:  Size  Location     Type
                  1    wreg      void 
 Registers used:
		wreg, fsr2l, fsr2h, status,2, status,0, cstack
 Tracked objects:
		On entry : 
		On exit  : 
		Unchanged: 
 Data sizes:     COMRAM   BANK0   BANK1   BANK2   BANK3   BANK4   BANK5   BANK6   BANK7   BANK8   BANK9  BANK10  BANK11  BANK12  BANK13  BANK14  BANK15
      Params:         0       0       0       0       0       0       0       0       0       0       0       0       0       0       0       0       0
      Locals:         0       4       0       0       0       0       0       0       0       0       0       0       0       0       0       0       0
      Temps:          0      20       0       0       0       0       0       0       0       0       0       0       0       0       0       0       0
      Totals:         0      24       0       0       0       0       0       0       0       0       0       0       0       0       0       0       0
Total ram usage:       24 bytes
 Hardware stack levels used:    1
 Hardware stack levels required when called:    4
 This function calls:
		_parse_and_assign
 This function is called by:
		_check_buttons_rg
 This function uses a non-reentrant model


 *************** function _move_right *****************
 Defined at:
		line 555 in file "main.c"
 Parameters:    Size  Location     Type
		None
 Auto vars:     Size  Location     Type
  temp0           1   28[BANK0 ] unsigned char 
  temp1           1   27[BANK0 ] unsigned char 
  temp2           1   26[BANK0 ] unsigned char 
  ports           4   29[BANK0 ] unsigned char [4]
 Return value:  Size  Location     Type
                  1    wreg      void 
 Registers used:
		wreg, fsr2l, fsr2h, status,2, status,0, cstack
 Tracked objects:
		On entry : 
		On exit  : 
		Unchanged: 
 Data sizes:     COMRAM   BANK0   BANK1   BANK2   BANK3   BANK4   BANK5   BANK6   BANK7   BANK8   BANK9  BANK10  BANK11  BANK12  BANK13  BANK14  BANK15
      Params:         0       0       0       0       0       0       0       0       0       0       0       0       0       0       0       0       0
      Locals:         0       7       0       0       0       0       0       0       0       0       0       0       0       0       0       0       0
      Temps:          0      20       0       0       0       0       0       0       0       0       0       0       0       0       0       0       0
      Totals:         0      27       0       0       0       0       0       0       0       0       0       0       0       0       0       0       0
Total ram usage:       27 bytes
 Hardware stack levels used:    1
 Hardware stack levels required when called:    4
 This function calls:
		_parse_and_assign
 This function is called by:
		_check_buttons_rg
 This function uses a non-reentrant model


 *************** function _move_left *****************
 Defined at:
		line 586 in file "main.c"
 Parameters:    Size  Location     Type
		None
 Auto vars:     Size  Location     Type
  temp1           1   28[BANK0 ] unsigned char 
  temp2           1   27[BANK0 ] unsigned char 
  temp0           1    0        unsigned char 
  ports           4   29[BANK0 ] unsigned char [4]
 Return value:  Size  Location     Type
                  1    wreg      void 
 Registers used:
		wreg, fsr2l, fsr2h, status,2, status,0, cstack
 Tracked objects:
		On entry : 
		On exit  : 
		Unchanged: 
 Data sizes:     COMRAM   BANK0   BANK1   BANK2   BANK3   BANK4   BANK5   BANK6   BANK7   BANK8   BANK9  BANK10  BANK11  BANK12  BANK13  BANK14  BANK15
      Params:         0       0       0       0       0       0       0       0       0       0       0       0       0       0       0       0       0
      Locals:         0       7       0       0       0       0       0       0       0       0       0       0       0       0       0       0       0
      Temps:          0      20       0       0       0       0       0       0       0       0       0       0       0       0       0       0       0
      Totals:         0      27       0       0       0       0       0       0       0       0       0       0       0       0       0       0       0
Total ram usage:       27 bytes
 Hardware stack levels used:    1
 Hardware stack levels required when called:    4
 This function calls:
		_parse_and_assign
 This function is called by:
		_check_buttons_rg
 This function uses a non-reentrant model


 *************** function _move_down *****************
 Defined at:
		line 641 in file "main.c"
 Parameters:    Size  Location     Type
		None
 Auto vars:     Size  Location     Type
  ports           4   26[BANK0 ] unsigned char [4]
 Return value:  Size  Location     Type
                  1    wreg      void 
 Registers used:
		wreg, fsr2l, fsr2h, status,2, status,0, cstack
 Tracked objects:
		On entry : 
		On exit  : 
		Unchanged: 
 Data sizes:     COMRAM   BANK0   BANK1   BANK2   BANK3   BANK4   BANK5   BANK6   BANK7   BANK8   BANK9  BANK10  BANK11  BANK12  BANK13  BANK14  BANK15
      Params:         0       0       0       0       0       0       0       0       0       0       0       0       0       0       0       0       0
      Locals:         0       4       0       0       0       0       0       0       0       0       0       0       0       0       0       0       0
      Temps:          0      20       0       0       0       0       0       0       0       0       0       0       0       0       0       0       0
      Totals:         0      24       0       0       0       0       0       0       0       0       0       0       0       0       0       0       0
Total ram usage:       24 bytes
 Hardware stack levels used:    1
 Hardware stack levels required when called:    4
 This function calls:
		_parse_and_assign
 This function is called by:
		_check_buttons_rg
 This function uses a non-reentrant model


 *************** function _parse_and_assign *****************
 Defined at:
		line 666 in file "main.c"
 Parameters:    Size  Location     Type
  value           4    0[BANK0 ] unsigned long 
  ports           2    4[BANK0 ] PTR unsigned char 
		 -> show_piece@ports(4), move_down@ports(4), move_up@ports(4), move_left@ports(4), 
		 -> move_right@ports(4), submit_piece@ports(4), rotate_piece@port(4), 
 Auto vars:     Size  Location     Type
		None
 Return value:  Size  Location     Type
                  1    wreg      void 
 Registers used:
		wreg, fsr2l, fsr2h, status,2, status,0
 Tracked objects:
		On entry : 
		On exit  : 
		Unchanged: 
 Data sizes:     COMRAM   BANK0   BANK1   BANK2   BANK3   BANK4   BANK5   BANK6   BANK7   BANK8   BANK9  BANK10  BANK11  BANK12  BANK13  BANK14  BANK15
      Params:         0       6       0       0       0       0       0       0       0       0       0       0       0       0       0       0       0
      Locals:         0       0       0       0       0       0       0       0       0       0       0       0       0       0       0       0       0
      Temps:          0       0       0       0       0       0       0       0       0       0       0       0       0       0       0       0       0
      Totals:         0       6       0       0       0       0       0       0       0       0       0       0       0       0       0       0       0
Total ram usage:        6 bytes
 Hardware stack levels used:    1
 Hardware stack levels required when called:    3
 This function calls:
		Nothing
 This function is called by:
		_move_right
		_move_left
		_move_up
		_move_down
		_show_piece
 This function uses a non-reentrant model


 *************** function _InitializeTimerAndInterrupts *****************
 Defined at:
		line 181 in file "main.c"
 Parameters:    Size  Location     Type
		None
 Auto vars:     Size  Location     Type
		None
 Return value:  Size  Location     Type
                  1    wreg      void 
 Registers used:
		wreg, status,2
 Tracked objects:
		On entry : 
		On exit  : 
		Unchanged: 
 Data sizes:     COMRAM   BANK0   BANK1   BANK2   BANK3   BANK4   BANK5   BANK6   BANK7   BANK8   BANK9  BANK10  BANK11  BANK12  BANK13  BANK14  BANK15
      Params:         0       0       0       0       0       0       0       0       0       0       0       0       0       0       0       0       0
      Locals:         0       0       0       0       0       0       0       0       0       0       0       0       0       0       0       0       0
      Temps:          0       0       0       0       0       0       0       0       0       0       0       0       0       0       0       0       0
      Totals:         0       0       0       0       0       0       0       0       0       0       0       0       0       0       0       0       0
Total ram usage:        0 bytes
 Hardware stack levels used:    1
 Hardware stack levels required when called:    3
 This function calls:
		Nothing
 This function is called by:
		_main
 This function uses a non-reentrant model


 *************** function _Init *****************
 Defined at:
		line 130 in file "main.c"
 Parameters:    Size  Location     Type
		None
 Auto vars:     Size  Location     Type
		None
 Return value:  Size  Location     Type
                  1    wreg      void 
 Registers used:
		wreg, status,2
 Tracked objects:
		On entry : 
		On exit  : 
		Unchanged: 
 Data sizes:     COMRAM   BANK0   BANK1   BANK2   BANK3   BANK4   BANK5   BANK6   BANK7   BANK8   BANK9  BANK10  BANK11  BANK12  BANK13  BANK14  BANK15
      Params:         0       0       0       0       0       0       0       0       0       0       0       0       0       0       0       0       0
      Locals:         0       0       0       0       0       0       0       0       0       0       0       0       0       0       0       0       0
      Temps:          0       0       0       0       0       0       0       0       0       0       0       0       0       0       0       0       0
      Totals:         0       0       0       0       0       0       0       0       0       0       0       0       0       0       0       0       0
Total ram usage:        0 bytes
 Hardware stack levels used:    1
 Hardware stack levels required when called:    3
 This function calls:
		Nothing
 This function is called by:
		_main
 This function uses a non-reentrant model


 *************** function _HandleInterrupt *****************
 Defined at:
		line 223 in file "main.c"
 Parameters:    Size  Location     Type
		None
 Auto vars:     Size  Location     Type
		None
 Return value:  Size  Location     Type
                  1    wreg      void 
 Registers used:
		wreg, fsr2l, fsr2h, status,2, status,0, cstack
 Tracked objects:
		On entry : 
		On exit  : 
		Unchanged: 
 Data sizes:     COMRAM   BANK0   BANK1   BANK2   BANK3   BANK4   BANK5   BANK6   BANK7   BANK8   BANK9  BANK10  BANK11  BANK12  BANK13  BANK14  BANK15
      Params:         0       0       0       0       0       0       0       0       0       0       0       0       0       0       0       0       0
      Locals:         0       0       0       0       0       0       0       0       0       0       0       0       0       0       0       0       0
      Temps:          2       0       0       0       0       0       0       0       0       0       0       0       0       0       0       0       0
      Totals:         2       0       0       0       0       0       0       0       0       0       0       0       0       0       0       0       0
Total ram usage:        2 bytes
 Hardware stack levels used:    1
 Hardware stack levels required when called:    2
 This function calls:
		_rotate_piece
		_submit_piece
		i2_move_down
		i2_show_piece
 This function is called by:
		Interrupt level 2
 This function uses a non-reentrant model


 *************** function i2_show_piece *****************
 Defined at:
		line 699 in file "main.c"
 Parameters:    Size  Location     Type
		None
 Auto vars:     Size  Location     Type
  ports           4    6[COMRAM] unsigned char [4]
 Return value:  Size  Location     Type
                  1    wreg      void 
 Registers used:
		wreg, fsr2l, fsr2h, status,2, status,0, cstack
 Tracked objects:
		On entry : 
		On exit  : 
		Unchanged: 
 Data sizes:     COMRAM   BANK0   BANK1   BANK2   BANK3   BANK4   BANK5   BANK6   BANK7   BANK8   BANK9  BANK10  BANK11  BANK12  BANK13  BANK14  BANK15
      Params:         0       0       0       0       0       0       0       0       0       0       0       0       0       0       0       0       0
      Locals:         4       0       0       0       0       0       0       0       0       0       0       0       0       0       0       0       0
      Temps:          0       0       0       0       0       0       0       0       0       0       0       0       0       0       0       0       0
      Totals:         4       0       0       0       0       0       0       0       0       0       0       0       0       0       0       0       0
Total ram usage:        4 bytes
 Hardware stack levels used:    1
 Hardware stack levels required when called:    1
 This function calls:
		i2_parse_and_assign
 This function is called by:
		_HandleInterrupt
 This function uses a non-reentrant model


 *************** function i2_move_down *****************
 Defined at:
		line 641 in file "main.c"
 Parameters:    Size  Location     Type
		None
 Auto vars:     Size  Location     Type
  ports           4   26[COMRAM] unsigned char [4]
 Return value:  Size  Location     Type
                  1    wreg      void 
 Registers used:
		wreg, fsr2l, fsr2h, status,2, status,0, cstack
 Tracked objects:
		On entry : 
		On exit  : 
		Unchanged: 
 Data sizes:     COMRAM   BANK0   BANK1   BANK2   BANK3   BANK4   BANK5   BANK6   BANK7   BANK8   BANK9  BANK10  BANK11  BANK12  BANK13  BANK14  BANK15
      Params:         0       0       0       0       0       0       0       0       0       0       0       0       0       0       0       0       0
      Locals:         4       0       0       0       0       0       0       0       0       0       0       0       0       0       0       0       0
      Temps:         20       0       0       0       0       0       0       0       0       0       0       0       0       0       0       0       0
      Totals:        24       0       0       0       0       0       0       0       0       0       0       0       0       0       0       0       0
Total ram usage:       24 bytes
 Hardware stack levels used:    1
 Hardware stack levels required when called:    1
 This function calls:
		i2_parse_and_assign
 This function is called by:
		_HandleInterrupt
 This function uses a non-reentrant model


 *************** function _submit_piece *****************
 Defined at:
		line 431 in file "main.c"
 Parameters:    Size  Location     Type
		None
 Auto vars:     Size  Location     Type
  ports           4    6[COMRAM] unsigned char [4]
 Return value:  Size  Location     Type
                  1    wreg      void 
 Registers used:
		wreg, fsr2l, fsr2h, status,2, status,0, cstack
 Tracked objects:
		On entry : 
		On exit  : 
		Unchanged: 
 Data sizes:     COMRAM   BANK0   BANK1   BANK2   BANK3   BANK4   BANK5   BANK6   BANK7   BANK8   BANK9  BANK10  BANK11  BANK12  BANK13  BANK14  BANK15
      Params:         0       0       0       0       0       0       0       0       0       0       0       0       0       0       0       0       0
      Locals:         4       0       0       0       0       0       0       0       0       0       0       0       0       0       0       0       0
      Temps:          0       0       0       0       0       0       0       0       0       0       0       0       0       0       0       0       0
      Totals:         4       0       0       0       0       0       0       0       0       0       0       0       0       0       0       0       0
Total ram usage:        4 bytes
 Hardware stack levels used:    1
 Hardware stack levels required when called:    1
 This function calls:
		i2___awmod
		i2_parse_and_assign
		i2_spawn_piece
 This function is called by:
		_HandleInterrupt
 This function uses a non-reentrant model


 *************** function i2_spawn_piece *****************
 Defined at:
		line 674 in file "main.c"
 Parameters:    Size  Location     Type
		None
 Auto vars:     Size  Location     Type
		None
 Return value:  Size  Location     Type
                  1    wreg      void 
 Registers used:
		wreg, status,2, status,0
 Tracked objects:
		On entry : 
		On exit  : 
		Unchanged: 
 Data sizes:     COMRAM   BANK0   BANK1   BANK2   BANK3   BANK4   BANK5   BANK6   BANK7   BANK8   BANK9  BANK10  BANK11  BANK12  BANK13  BANK14  BANK15
      Params:         0       0       0       0       0       0       0       0       0       0       0       0       0       0       0       0       0
      Locals:         0       0       0       0       0       0       0       0       0       0       0       0       0       0       0       0       0
      Temps:          0       0       0       0       0       0       0       0       0       0       0       0       0       0       0       0       0
      Totals:         0       0       0       0       0       0       0       0       0       0       0       0       0       0       0       0       0
Total ram usage:        0 bytes
 Hardware stack levels used:    1
 This function calls:
		Nothing
 This function is called by:
		_submit_piece
 This function uses a non-reentrant model


 *************** function i2___awmod *****************
 Defined at:
		line 7 in file "/opt/microchip/xc8/v2.30/pic/sources/c99/common/awmod.c"
 Parameters:    Size  Location     Type
  dividend        2    0[COMRAM] int 
  divisor         2    2[COMRAM] int 
 Auto vars:     Size  Location     Type
  sign            1    5[COMRAM] unsigned char 
  counter         1    4[COMRAM] unsigned char 
 Return value:  Size  Location     Type
                  2    0[COMRAM] int 
 Registers used:
		wreg, status,2, status,0
 Tracked objects:
		On entry : 
		On exit  : 
		Unchanged: 
 Data sizes:     COMRAM   BANK0   BANK1   BANK2   BANK3   BANK4   BANK5   BANK6   BANK7   BANK8   BANK9  BANK10  BANK11  BANK12  BANK13  BANK14  BANK15
      Params:         4       0       0       0       0       0       0       0       0       0       0       0       0       0       0       0       0
      Locals:         2       0       0       0       0       0       0       0       0       0       0       0       0       0       0       0       0
      Temps:          0       0       0       0       0       0       0       0       0       0       0       0       0       0       0       0       0
      Totals:         6       0       0       0       0       0       0       0       0       0       0       0       0       0       0       0       0
Total ram usage:        6 bytes
 Hardware stack levels used:    1
 This function calls:
		Nothing
 This function is called by:
		_submit_piece
 This function uses a non-reentrant model


 *************** function _rotate_piece *****************
 Defined at:
		line 319 in file "main.c"
 Parameters:    Size  Location     Type
		None
 Auto vars:     Size  Location     Type
  temp            1   37[COMRAM] unsigned char 
  temp            1   36[COMRAM] unsigned char 
  active_piece    4    0        unsigned long 
  temp            1   35[COMRAM] unsigned char 
  temp            1   34[COMRAM] unsigned char 
  temp            1   33[COMRAM] unsigned char 
  temp            1   32[COMRAM] unsigned char 
  temp            1   31[COMRAM] unsigned char 
  temp            1   30[COMRAM] unsigned char 
  port            4   38[COMRAM] unsigned char [4]
 Return value:  Size  Location     Type
                  1    wreg      void 
 Registers used:
		wreg, fsr2l, fsr2h, status,2, status,0, cstack
 Tracked objects:
		On entry : 
		On exit  : 
		Unchanged: 
 Data sizes:     COMRAM   BANK0   BANK1   BANK2   BANK3   BANK4   BANK5   BANK6   BANK7   BANK8   BANK9  BANK10  BANK11  BANK12  BANK13  BANK14  BANK15
      Params:         0       0       0       0       0       0       0       0       0       0       0       0       0       0       0       0       0
      Locals:        16       0       0       0       0       0       0       0       0       0       0       0       0       0       0       0       0
      Temps:         20       0       0       0       0       0       0       0       0       0       0       0       0       0       0       0       0
      Totals:        36       0       0       0       0       0       0       0       0       0       0       0       0       0       0       0       0
Total ram usage:       36 bytes
 Hardware stack levels used:    1
 Hardware stack levels required when called:    1
 This function calls:
		i2_parse_and_assign
 This function is called by:
		_HandleInterrupt
 This function uses a non-reentrant model


 *************** function i2_parse_and_assign *****************
 Defined at:
		line 666 in file "main.c"
 Parameters:    Size  Location     Type
  value           4    0[COMRAM] unsigned long 
  ports           2    4[COMRAM] PTR unsigned char 
		 -> i2show_piece@ports(4), i2move_down@ports(4), show_piece@ports(4), move_down@ports(4), 
		 -> move_up@ports(4), move_left@ports(4), move_right@ports(4), submit_piece@ports(4), 
		 -> rotate_piece@port(4), 
 Auto vars:     Size  Location     Type
		None
 Return value:  Size  Location     Type
                  1    wreg      void 
 Registers used:
		wreg, fsr2l, fsr2h, status,2, status,0
 Tracked objects:
		On entry : 
		On exit  : 
		Unchanged: 
 Data sizes:     COMRAM   BANK0   BANK1   BANK2   BANK3   BANK4   BANK5   BANK6   BANK7   BANK8   BANK9  BANK10  BANK11  BANK12  BANK13  BANK14  BANK15
      Params:         6       0       0       0       0       0       0       0       0       0       0       0       0       0       0       0       0
      Locals:         0       0       0       0       0       0       0       0       0       0       0       0       0       0       0       0       0
      Temps:          0       0       0       0       0       0       0       0       0       0       0       0       0       0       0       0       0
      Totals:         6       0       0       0       0       0       0       0       0       0       0       0       0       0       0       0       0
Total ram usage:        6 bytes
 Hardware stack levels used:    1
 This function calls:
		Nothing
 This function is called by:
		_rotate_piece
		_submit_piece
		i2_move_down
		i2_show_piece
 This function uses a non-reentrant model



MODULE INFORMATION

Module		Function		Class		Link	Load	Size
/opt/microchip/xc8/v2.30/pic/sources/c99/common/awmod.c
		___awmod       		CODE           	213A	0000	178

/opt/microchip/xc8/v2.30/pic/sources/c99/common/awmod.c estimated size: 178

shared
		i2_show_piece  		CODE           	1662	0000	398
		i2_parse_and_assign		CODE           	2580	0000	62
		_segmentCodes  		SMALLCONST     	1001	0000	10
		i2_move_down   		CODE           	1D0C	0000	312
		__initialization		CODE           	24AC	0000	56
		i2___awmod     		CODE           	21EC	0000	176
		i2_spawn_piece 		CODE           	233E	0000	162

shared estimated size: 1176

/opt/microchip/xc8/v2.30/pic/sources/c99/common/awdiv.c
		___awdiv       		CODE           	2074	0000	198

/opt/microchip/xc8/v2.30/pic/sources/c99/common/awdiv.c estimated size: 198

main.c
		_move_up       		CODE           	1954	0000	318
		_parse_and_assign		CODE           	2540	0000	64
		_rotate_piece  		CODE           	100C	0000	792
		_move_right    		CODE           	1E44	0000	282
		_displayDigit  		CODE           	24F6	0000	74
		_main          		CODE           	25F0	0000	48
		_displayNumber 		CODE           	244A	0000	98
		_move_left     		CODE           	1F5E	0000	278
		_HandleInterrupt		CODE           	0008	0000	434
		_move_down     		CODE           	1A92	0000	318
		_InitializeTimerAndInterrupts		CODE           	25BE	0000	50
		_show_piece    		CODE           	14D0	0000	402
		_Init          		CODE           	23E0	0000	106
		_submit_piece  		CODE           	1BD0	0000	316
		_spawn_piece   		CODE           	229C	0000	162
		_check_buttons_rg		CODE           	17F0	0000	356

main.c estimated size: 4098

