Microchip MPLAB XC8 Compiler V2.30

Linker command line:

-W-3 --edf=/opt/microchip/xc8/v2.30/pic/dat/en_msgs.txt -cn \
  -h+dist/default/production/embed_the3_mplab.X.production.sym \
  --cmf=dist/default/production/embed_the3_mplab.X.production.cmf -z \
  -Q18F8722 -o/tmp/xcXHiEFPP --defsym=__MPLAB_BUILD=1 \
  -Mdist/default/production/embed_the3_mplab.X.production.map -E1 \
  -ver=XC8 Compiler --acfsm=1493 -ASTACK=0192h-0F5Fh -pstack=STACK \
  -ACODE=00h-01FFFFh -ACONST=00h-01FFFFh -ASMALLCONST=01000h-010FFhx496 \
  -AMEDIUMCONST=01000h-0FFFFh,011000h-01FFFFh -ACOMRAM=01h-05Fh \
  -AABS1=00h-0F5Fh -ABIGRAM=01h-0F5Fh \
  -ARAM=060h-0FFh,0100h-01FFhx14,0F00h-0F5Fh -ABANK0=060h-0FFh \
  -ABANK1=0100h-01FFh -ABANK2=0200h-02FFh -ABANK3=0300h-03FFh \
  -ABANK4=0400h-04FFh -ABANK5=0500h-05FFh -ABANK6=0600h-06FFh \
  -ABANK7=0700h-07FFh -ABANK8=0800h-08FFh -ABANK9=0900h-09FFh \
  -ABANK10=0A00h-0AFFh -ABANK11=0B00h-0BFFh -ABANK12=0C00h-0CFFh \
  -ABANK13=0D00h-0DFFh -ABANK14=0E00h-0EFFh -ABANK15=0F00h-0F5Fh \
  -ASFR=0F60h-0FFFh -ACONFIG=0300000h-030000Dh -AIDLOC=0200000h-0200007h \
  -AEEDATA=0F00000h-0F003FFh -peeprom_data=EEDATA \
  -preset_vec=00h,intcode=08h,intcodelo,powerup,init -pramtop=01000h \
  -psmallconst=SMALLCONST -pmediumconst=MEDIUMCONST -pconst=CONST \
  -AFARRAM=00h-00h \
  -prdata=COMRAM,nvrram=COMRAM,nvbit=COMRAM,rbss=COMRAM,rbit=COMRAM \
  -pfarbss=FARRAM,fardata=FARRAM,nvFARRAM=FARRAM \
  -pintsave_regs=BIGRAM,bigbss=BIGRAM,bigdata=BIGRAM -pbss=RAM \
  -pidata=CODE,irdata=CODE,ibigdata=CODE,ifardata=CODE -prparam=COMRAM \
  /tmp/xcXPOBfPk.o dist/default/production/embed_the3_mplab.X.production.o 

Object code version is 3.11

Machine type is 18F8722



                Name                               Link     Load   Length Selector   Space Scale
/tmp/xcXPOBfPk.o
                idloc                            200000   200000        8        0       5
                config                           300000   300000        E        0       4
                init                                  E        E        4        4       0
                reset_vec                             0        0        4        0       0
dist/default/production/embed_the3_mplab.X.production.o
                intcode                               8        8        6        4       0
                idloc                            200000   200000        8        0       5
                config                           300000   300000        E        0       4
                temp                                 5F       5F        1        1       1
                smallconst                         1000     1000       F4      800       0
                text58                             7FCA     7FCA       6E      87A       0
                text57                             85B6     85B6       26      87A       0
                text56                             8488     8488       38      87A       0
                text55                             8218     8218       52      87A       0
                text54                             72A4     72A4      1A4      87A       0
                text53                             8332     8332       3C      87A       0
                text52                             8450     8450       38      87A       0
                text51                             8658     8658        2      87A       0
                text50                             7904     7904       CA      87A       0
                text49                             826A     826A       44      87A       0
                text48                             84F6     84F6       36      87A       0
                text47                             79CE     79CE       C6      87A       0
                text46                             8418     8418       38      87A       0
                text45                             8168     8168       5E      87A       0
                text44                             63EE     63EE      2DA      87A       0
                text43                             592C     592C      3B6      87A       0
                text42                             80A2     80A2       66      87A       0
                text41                             81C6     81C6       52      87A       0
                text40                             8560     8560       2E      87A       0
                text39                             858E     858E       28      87A       0
                text38                             7EE6     7EE6       74      87A       0
                text37                             8652     8652        6      87A       0
                text36                             7D2E     7D2E       98      87A       0
                text35                             7E5C     7E5C       8A      87A       0
                text34                             7BE8     7BE8       A8      87A       0
                text33                             5CE2     5CE2      39A      87A       0
                text32                             7B3E     7B3E       AA      87A       0
                text31                             7800     7800      104      87A       0
                text30                             5148     5148      42A      87A       0
                text29                             83E0     83E0       38      87A       0
                text28                             8038     8038       6A      87A       0
                text27                             6F44     6F44      1B4      87A       0
                text26                             7F5A     7F5A       70      87A       0
                text25                             85FE     85FE       22      87A       0
                text24                             3AB6     3AB6     116E      87A       0
                text23                             66C8     66C8      2A0      87A       0
                text22                             759E     759E      136      87A       0
                text21                             7C90     7C90       9E      87A       0
                text20                             4C24     4C24      524      87A       0
                text19                             82F0     82F0       42      87A       0
                text18                             6B7A     6B7A      212      87A       0
                text17                             82AE     82AE       42      87A       0
                text16                             6D8C     6D8C      1B8      87A       0
                text15                             7448     7448      156      87A       0
                text14                             6968     6968      212      87A       0
                text13                             70F8     70F8      1AC      87A       0
                text12                             76D4     76D4      12C      87A       0
                text11                             8108     8108       60      87A       0
                text10                             10F4     10F4     29C2      87A       0
                text9                              7A94     7A94       AA      87A       0
                text8                              83A8     83A8       38      87A       0
                text7                              607C     607C      372      87A       0
                text6                              7DC6     7DC6       96      87A       0
                text5                              852C     852C       34      87A       0
                intcode_body                       5572     5572      3BA      87A       0
                text3                              8620     8620       1E      87A       0
                text2                              836E     836E       3A      87A       0
                text1                              84C0     84C0       36      87A       0
                text0                              863E     863E       14      87A       0
                cstackCOMRAM                          1        1       5E        1       1
                cstackBANK0                          60       60       6D       60       1
                bssBANK1                            100      100       92      100       1
                bssBANK0                             CD       CD       32       60       1
                cinit                              85DC     85DC       22      87A       0

TOTAL           Name                               Link     Load   Length     Space
        CLASS   STACK          

        CLASS   CODE           
                intcode                               8        8        6         0
                init                                  E        E        4         0
                reset_vec                             0        0        4         0
                text58                             7FCA     7FCA       6E         0
                text57                             85B6     85B6       26         0
                text56                             8488     8488       38         0
                text55                             8218     8218       52         0
                text54                             72A4     72A4      1A4         0
                text53                             8332     8332       3C         0
                text52                             8450     8450       38         0
                text51                             8658     8658        2         0
                text50                             7904     7904       CA         0
                text49                             826A     826A       44         0
                text48                             84F6     84F6       36         0
                text47                             79CE     79CE       C6         0
                text46                             8418     8418       38         0
                text45                             8168     8168       5E         0
                text44                             63EE     63EE      2DA         0
                text43                             592C     592C      3B6         0
                text42                             80A2     80A2       66         0
                text41                             81C6     81C6       52         0
                text40                             8560     8560       2E         0
                text39                             858E     858E       28         0
                text38                             7EE6     7EE6       74         0
                text37                             8652     8652        6         0
                text36                             7D2E     7D2E       98         0
                text35                             7E5C     7E5C       8A         0
                text34                             7BE8     7BE8       A8         0
                text33                             5CE2     5CE2      39A         0
                text32                             7B3E     7B3E       AA         0
                text31                             7800     7800      104         0
                text30                             5148     5148      42A         0
                text29                             83E0     83E0       38         0
                text28                             8038     8038       6A         0
                text27                             6F44     6F44      1B4         0
                text26                             7F5A     7F5A       70         0
                text25                             85FE     85FE       22         0
                text24                             3AB6     3AB6     116E         0
                text23                             66C8     66C8      2A0         0
                text22                             759E     759E      136         0
                text21                             7C90     7C90       9E         0
                text20                             4C24     4C24      524         0
                text19                             82F0     82F0       42         0
                text18                             6B7A     6B7A      212         0
                text17                             82AE     82AE       42         0
                text16                             6D8C     6D8C      1B8         0
                text15                             7448     7448      156         0
                text14                             6968     6968      212         0
                text13                             70F8     70F8      1AC         0
                text12                             76D4     76D4      12C         0
                text11                             8108     8108       60         0
                text10                             10F4     10F4     29C2         0
                text9                              7A94     7A94       AA         0
                text8                              83A8     83A8       38         0
                text7                              607C     607C      372         0
                text6                              7DC6     7DC6       96         0
                text5                              852C     852C       34         0
                intcode_body                       5572     5572      3BA         0
                text3                              8620     8620       1E         0
                text2                              836E     836E       3A         0
                text1                              84C0     84C0       36         0
                text0                              863E     863E       14         0
                cinit                              85DC     85DC       22         0

        CLASS   CONST          

        CLASS   SMALLCONST     
                smallconst                         1000     1000       F4         0

        CLASS   MEDIUMCONST    

        CLASS   COMRAM         
                temp                                 5F       5F        1         1
                cstackCOMRAM                          1        1       5E         1

        CLASS   ABS1           

        CLASS   BIGRAM         

        CLASS   RAM            

        CLASS   BANK0          
                cstackBANK0                          60       60       6D         1
                bssBANK0                             CD       CD       32         1

        CLASS   BANK1          
                bssBANK1                            100      100       92         1

        CLASS   BANK2          

        CLASS   BANK3          

        CLASS   BANK4          

        CLASS   BANK5          

        CLASS   BANK6          

        CLASS   BANK7          

        CLASS   BANK8          

        CLASS   BANK9          

        CLASS   BANK10         

        CLASS   BANK11         

        CLASS   BANK12         

        CLASS   BANK13         

        CLASS   BANK14         

        CLASS   BANK15         

        CLASS   SFR            

        CLASS   CONFIG         
                config                           300000   300000        E         4

        CLASS   IDLOC          
                idloc                            200000   200000        8         5

        CLASS   EEDATA         

        CLASS   FARRAM         



SEGMENTS        Name                           Load    Length   Top    Selector   Space  Class

                cstackBANK0                    000060  00009F  0000FF        60       1  BANK0   
                reset_vec                      000000  000004  000004         0       0  CODE    
                text10                         0010F4  007566  00865A       87A       0  CODE    
                bssBANK1                       000100  000092  000192       100       1  BANK1   
                intcode                        000008  00000A  000012         4       0  CODE    
                cstackCOMRAM                   000001  00005F  000060         1       1  COMRAM  
                smallconst                     001000  0000F4  0010F4       800       0  SMALLCON


UNUSED ADDRESS RANGES

        Name                Unused          Largest block    Delta
        BANK0            0000FF-0000FF                1
        BANK1            000192-0001FF               6E
        BANK10           000A00-000AFF              100
        BANK11           000B00-000BFF              100
        BANK12           000C00-000CFF              100
        BANK13           000D00-000DFF              100
        BANK14           000E00-000EFF              100
        BANK15           000F00-000F5F               60
        BANK2            000200-0002FF              100
        BANK3            000300-0003FF              100
        BANK4            000400-0004FF              100
        BANK5            000500-0005FF              100
        BANK6            000600-0006FF              100
        BANK7            000700-0007FF              100
        BANK8            000800-0008FF              100
        BANK9            000900-0009FF              100
        BIGRAM           0000FF-0000FF                1
                         000192-000F5F              DCE
        CODE             000004-000007                4
                         000012-000FFF              FEE
                         00865A-01FFFF            179A6
        CONST            000004-000007                4
                         000012-000FFF              FEE
                         00865A-01FFFF            179A6
        EEDATA           F00000-F003FF              400
        MEDIUMCONST      00865A-00FFFF             79A6
                         011000-01FFFF             F000
        RAM              0000FF-0000FF                1
                         000192-000F5F              100
        SFR              000F60-000FFF               A0
        SMALLCONST       00865A-01FFFF              100
        STACK            000192-000F5F              DCE

                                  Symbol Table

?___fldiv                         cstackCOMRAM 000001
?___flmul                         cstackCOMRAM 000001
?___flneg                         cstackCOMRAM 000001
?___lmul                          cstackCOMRAM 000001
?___lwdiv                         cstackCOMRAM 000001
?___omul                          cstackCOMRAM 000001
?___strtoxll                      cstackCOMRAM 000019
?___wmul                          cstackCOMRAM 000001
?___xxtofl                        cstackCOMRAM 000001
?_atoaefg                         cstackCOMRAM 000040
?_atoc                            cstackCOMRAM 00000C
?_atod                            cstackCOMRAM 000056
?_atoi                            cstackCOMRAM 000008
?_atoo                            cstackCOMRAM 000056
?_atos                            cstackCOMRAM 000017
?_atou                            cstackCOMRAM 000056
?_atox                            cstackCOMRAM 000056
?_fgetc                           cstackCOMRAM 000003
?_getch                           cstackCOMRAM 000001
?_isalpha                         cstackCOMRAM 000001
?_isdigit                         cstackCOMRAM 000001
?_islower                         cstackCOMRAM 000001
?_isspace                         cstackCOMRAM 000001
?_isupper                         cstackCOMRAM 000001
?_isxdigit                        cstackCOMRAM 000001
?_nanf                            cstackCOMRAM 000001
?_pad                             cstackCOMRAM 000011
?_printf                          cstackCOMRAM 00005C
?_sprintf                         cstackBANK0  000066
?_sscanf                          cstackBANK0  0000AB
?_strlen                          cstackCOMRAM 000001
?_strncmp                         cstackCOMRAM 000001
?_strtof                          cstackCOMRAM 00001A
?_strtoll                         cstackCOMRAM 00004E
?_strtoull                        cstackCOMRAM 00004E
?_tolower                         cstackCOMRAM 000007
?_toupper                         cstackCOMRAM 000007
?_vfpfcnvrt                       cstackCOMRAM 000043
?_vfprintf                        cstackBANK0  000060
?_vfscanf                         cstackBANK0  0000A5
?_vfsfcnvrt                       cstackBANK0  000072
?_xtoa                            cstackCOMRAM 00001C
ISR@command                       bssBANK1     000188
ISR@dummy                         cstackBANK0  0000CB
ISR@index                         bssBANK0     0000F1
ISR@received                      cstackBANK0  0000CC
_ADCON0                           (abs)        000FC2
_ADCON0bits                       (abs)        000FC2
_ADCON1                           (abs)        000FC1
_ADCON2                           (abs)        000FC0
_ADRESH                           (abs)        000FC4
_ADRESL                           (abs)        000FC3
_BAUDCONbits                      (abs)        000F7E
_GODONE                           (abs)        007E11
_INTCON2bits                      (abs)        000FF1
_INTCONbits                       (abs)        000FF2
_IPR1bits                         (abs)        000F9F
_ISR                              intcode      000008
_LATAbits                         (abs)        000F89
_LATB                             (abs)        000F8A
_LATBbits                         (abs)        000F8A
_LATCbits                         (abs)        000F8B
_LATDbits                         (abs)        000F8C
_PIE1bits                         (abs)        000F9D
_PIR1bits                         (abs)        000F9E
_PORTB                            (abs)        000F81
_PORTBbits                        (abs)        000F81
_RCREG                            (abs)        000FAE
_RCSTA1bits                       (abs)        000FAB
_RCSTAbits                        (abs)        000FAB
_SPBRG                            (abs)        000FAF
_T0CONbits                        (abs)        000FD5
_TMR0H                            (abs)        000FD7
_TMR0L                            (abs)        000FD6
_TRISAbits                        (abs)        000F92
_TRISB                            (abs)        000F93
_TRISBbits                        (abs)        000F93
_TRISCbits                        (abs)        000F94
_TRISDbits                        (abs)        000F95
_TRISH                            (abs)        000F99
_TXREG                            (abs)        000FAD
_TXSTAbits                        (abs)        000FAC
__HRAM                            (abs)        000000
__Habs1                           abs1         000000
__Hbank0                          bank0        000000
__Hbank1                          bank1        000000
__Hbank10                         bank10       000000
__Hbank11                         bank11       000000
__Hbank12                         bank12       000000
__Hbank13                         bank13       000000
__Hbank14                         bank14       000000
__Hbank15                         bank15       000000
__Hbank2                          bank2        000000
__Hbank3                          bank3        000000
__Hbank4                          bank4        000000
__Hbank5                          bank5        000000
__Hbank6                          bank6        000000
__Hbank7                          bank7        000000
__Hbank8                          bank8        000000
__Hbank9                          bank9        000000
__Hbigbss                         bigbss       000000
__Hbigdata                        bigdata      000000
__Hbigram                         bigram       000000
__Hbss                            bss          000000
__HbssBANK0                       bssBANK0     000000
__HbssBANK1                       bssBANK1     000000
__Hcinit                          cinit        000000
__Hclrtext                        clrtext      000000
__Hcomram                         comram       000000
__Hconfig                         config       30000E
__Hconst                          const        000000
__HcstackBANK0                    cstackBANK0  000000
__HcstackBANK1                    cstackBANK1  000000
__HcstackCOMRAM                   cstackCOMRAM 000000
__Hdata                           data         000000
__Heeprom_data                    eeprom_data  000000
__Hfarbss                         farbss       000000
__Hfardata                        fardata      000000
__Hibigdata                       ibigdata     000000
__Hidata                          idata        000000
__Hidloc                          idloc        200008
__Hifardata                       ifardata     000000
__Hinit                           init         000012
__Hintcode                        intcode      00000E
__Hintcode_body                   intcode_body 000000
__Hintcodelo                      intcodelo    00000E
__Hintentry                       intentry     000000
__Hintret                         intret       000000
__Hintsave_regs                   intsave_regs 000000
__Hirdata                         irdata       000000
__Hmediumconst                    mediumconst  000000
__HnvFARRAM                       nvFARRAM     000000
__Hnvbit                          nvbit        000000
__Hnvrram                         nvrram       000000
__Hparam                          rparam       000000
__Hpowerup                        powerup      00000E
__Hram                            ram          000000
__Hramtop                         ramtop       001000
__Hrbit                           rbit         000000
__Hrbss                           rbss         000000
__Hrdata                          rdata        000000
__Hreset_vec                      reset_vec    000004
__Hrparam                         rparam       000000
__Hsfr                            sfr          000000
__Hsmallconst                     smallconst   0010F4
__Hspace_0                        (abs)        00865A
__Hspace_1                        (abs)        000192
__Hspace_2                        (abs)        000000
__Hspace_4                        (abs)        60000E
__Hstack                          stack        000000
__Hstruct                         struct       000000
__Htemp                           temp         000060
__Htext                           text         000000
__Htext0                          text0        000000
__Htext1                          text1        000000
__Htext10                         text10       000000
__Htext11                         text11       000000
__Htext12                         text12       000000
__Htext13                         text13       000000
__Htext14                         text14       000000
__Htext15                         text15       000000
__Htext16                         text16       000000
__Htext17                         text17       000000
__Htext18                         text18       000000
__Htext19                         text19       000000
__Htext2                          text2        000000
__Htext20                         text20       000000
__Htext21                         text21       000000
__Htext22                         text22       000000
__Htext23                         text23       000000
__Htext24                         text24       000000
__Htext25                         text25       000000
__Htext26                         text26       000000
__Htext27                         text27       000000
__Htext28                         text28       000000
__Htext29                         text29       000000
__Htext3                          text3        000000
__Htext30                         text30       000000
__Htext31                         text31       000000
__Htext32                         text32       000000
__Htext33                         text33       000000
__Htext34                         text34       000000
__Htext35                         text35       000000
__Htext36                         text36       000000
__Htext37                         text37       000000
__Htext38                         text38       000000
__Htext39                         text39       000000
__Htext40                         text40       000000
__Htext41                         text41       000000
__Htext42                         text42       000000
__Htext43                         text43       000000
__Htext44                         text44       000000
__Htext45                         text45       000000
__Htext46                         text46       000000
__Htext47                         text47       000000
__Htext48                         text48       000000
__Htext49                         text49       000000
__Htext5                          text5        000000
__Htext50                         text50       000000
__Htext51                         text51       000000
__Htext52                         text52       000000
__Htext53                         text53       000000
__Htext54                         text54       000000
__Htext55                         text55       000000
__Htext56                         text56       000000
__Htext57                         text57       000000
__Htext58                         text58       000000
__Htext6                          text6        000000
__Htext7                          text7        000000
__Htext8                          text8        000000
__Htext9                          text9        000000
__LRAM                            (abs)        000001
__Labs1                           abs1         000000
__Lbank0                          bank0        000000
__Lbank1                          bank1        000000
__Lbank10                         bank10       000000
__Lbank11                         bank11       000000
__Lbank12                         bank12       000000
__Lbank13                         bank13       000000
__Lbank14                         bank14       000000
__Lbank15                         bank15       000000
__Lbank2                          bank2        000000
__Lbank3                          bank3        000000
__Lbank4                          bank4        000000
__Lbank5                          bank5        000000
__Lbank6                          bank6        000000
__Lbank7                          bank7        000000
__Lbank8                          bank8        000000
__Lbank9                          bank9        000000
__Lbigbss                         bigbss       000000
__Lbigdata                        bigdata      000000
__Lbigram                         bigram       000000
__Lbss                            bss          000000
__LbssBANK0                       bssBANK0     000000
__LbssBANK1                       bssBANK1     000000
__Lcinit                          cinit        000000
__Lclrtext                        clrtext      000000
__Lcomram                         comram       000000
__Lconfig                         config       000000
__Lconst                          const        000000
__LcstackBANK0                    cstackBANK0  000000
__LcstackBANK1                    cstackBANK1  000000
__LcstackCOMRAM                   cstackCOMRAM 000000
__Ldata                           data         000000
__Leeprom_data                    eeprom_data  000000
__Lfarbss                         farbss       000000
__Lfardata                        fardata      000000
__Libigdata                       ibigdata     000000
__Lidata                          idata        000000
__Lidloc                          idloc        000000
__Lifardata                       ifardata     000000
__Linit                           init         00000E
__Lintcode                        intcode      000008
__Lintcode_body                   intcode_body 000000
__Lintcodelo                      intcodelo    00000E
__Lintentry                       intentry     000000
__Lintret                         intret       000000
__Lintsave_regs                   intsave_regs 000000
__Lirdata                         irdata       000000
__Lmediumconst                    mediumconst  000000
__LnvFARRAM                       nvFARRAM     000000
__Lnvbit                          nvbit        000000
__Lnvrram                         nvrram       000000
__Lparam                          rparam       000000
__Lpowerup                        powerup      00000E
__Lram                            ram          000000
__Lramtop                         ramtop       001000
__Lrbit                           rbit         000000
__Lrbss                           rbss         000000
__Lrdata                          rdata        000000
__Lreset_vec                      reset_vec    000000
__Lrparam                         rparam       000000
__Lsfr                            sfr          000000
__Lsmallconst                     smallconst   001000
__Lspace_0                        (abs)        000000
__Lspace_1                        (abs)        000000
__Lspace_2                        (abs)        000000
__Lspace_4                        (abs)        000000
__Lstack                          stack        000000
__Lstruct                         struct       000000
__Ltemp                           temp         00005F
__Ltext                           text         000000
__Ltext0                          text0        000000
__Ltext1                          text1        000000
__Ltext10                         text10       000000
__Ltext11                         text11       000000
__Ltext12                         text12       000000
__Ltext13                         text13       000000
__Ltext14                         text14       000000
__Ltext15                         text15       000000
__Ltext16                         text16       000000
__Ltext17                         text17       000000
__Ltext18                         text18       000000
__Ltext19                         text19       000000
__Ltext2                          text2        000000
__Ltext20                         text20       000000
__Ltext21                         text21       000000
__Ltext22                         text22       000000
__Ltext23                         text23       000000
__Ltext24                         text24       000000
__Ltext25                         text25       000000
__Ltext26                         text26       000000
__Ltext27                         text27       000000
__Ltext28                         text28       000000
__Ltext29                         text29       000000
__Ltext3                          text3        000000
__Ltext30                         text30       000000
__Ltext31                         text31       000000
__Ltext32                         text32       000000
__Ltext33                         text33       000000
__Ltext34                         text34       000000
__Ltext35                         text35       000000
__Ltext36                         text36       000000
__Ltext37                         text37       000000
__Ltext38                         text38       000000
__Ltext39                         text39       000000
__Ltext40                         text40       000000
__Ltext41                         text41       000000
__Ltext42                         text42       000000
__Ltext43                         text43       000000
__Ltext44                         text44       000000
__Ltext45                         text45       000000
__Ltext46                         text46       000000
__Ltext47                         text47       000000
__Ltext48                         text48       000000
__Ltext49                         text49       000000
__Ltext5                          text5        000000
__Ltext50                         text50       000000
__Ltext51                         text51       000000
__Ltext52                         text52       000000
__Ltext53                         text53       000000
__Ltext54                         text54       000000
__Ltext55                         text55       000000
__Ltext56                         text56       000000
__Ltext57                         text57       000000
__Ltext58                         text58       000000
__Ltext6                          text6        000000
__Ltext7                          text7        000000
__Ltext8                          text8        000000
__Ltext9                          text9        000000
__S0                              (abs)        00865A
__S1                              (abs)        000192
__S2                              (abs)        000000
__S4                              (abs)        000000
__S5                              (abs)        000000
___extmem_base                    (abs)        020000
___fldiv                          text33       005CE2
___fldiv@a                        cstackCOMRAM 000005
___fldiv@aexp                     cstackCOMRAM 000019
___fldiv@b                        cstackCOMRAM 000001
___fldiv@bexp                     cstackCOMRAM 000018
___fldiv@grs                      cstackCOMRAM 000014
___fldiv@new_exp                  cstackCOMRAM 000012
___fldiv@rem                      cstackCOMRAM 00000D
___fldiv@sign                     cstackCOMRAM 000011
___fleq                           text32       007B3E
___fleq@ff1                       cstackCOMRAM 000001
___fleq@ff2                       cstackCOMRAM 000005
___flge                           text31       007800
___flge@ff1                       cstackCOMRAM 000001
___flge@ff2                       cstackCOMRAM 000005
___flmul                          text30       005148
___flmul@a                        cstackCOMRAM 000005
___flmul@aexp                     cstackCOMRAM 000012
___flmul@b                        cstackCOMRAM 000001
___flmul@bexp                     cstackCOMRAM 000013
___flmul@grs                      cstackCOMRAM 00000E
___flmul@prod                     cstackCOMRAM 000014
___flmul@sign                     cstackCOMRAM 00000D
___flmul@temp                     cstackCOMRAM 000018
___flneg                          text29       0083E0
___flneg@f1                       cstackCOMRAM 000001
___inthi_sp                       stack        000000
___intlo_sp                       stack        000000
___lmul                           text28       008038
___lmul@multiplicand              cstackCOMRAM 000005
___lmul@multiplier                cstackCOMRAM 000001
___lmul@product                   cstackCOMRAM 000009
___lwdiv                          text38       007EE6
___lwdiv@counter                  cstackCOMRAM 000007
___lwdiv@dividend                 cstackCOMRAM 000001
___lwdiv@divisor                  cstackCOMRAM 000003
___lwdiv@quotient                 cstackCOMRAM 000005
___omul                           text21       007C90
___omul@multiplicand              cstackCOMRAM 000009
___omul@multiplier                cstackCOMRAM 000001
___omul@product                   cstackCOMRAM 000011
___param_bank                     (abs)        000000
___rparam_used                    (abs)        000001
___sp                             stack        000000
___strtoxll                       text20       004C24
___strtoxll$2491                  cstackCOMRAM 000031
___strtoxll$2492                  cstackCOMRAM 000037
___strtoxll$2493                  cstackCOMRAM 000033
___strtoxll$2494                  cstackCOMRAM 000035
___strtoxll@a                     cstackCOMRAM 000043
___strtoxll@base                  cstackCOMRAM 00001D
___strtoxll@c                     cstackCOMRAM 00004D
___strtoxll@conv_done             cstackCOMRAM 000038
___strtoxll@cp                    cstackCOMRAM 00004B
___strtoxll@endptr                cstackCOMRAM 00001B
___strtoxll@is_signed             cstackCOMRAM 00001F
___strtoxll@limit                 cstackCOMRAM 000039
___strtoxll@prev_a                cstackCOMRAM 000029
___strtoxll@s                     cstackCOMRAM 000019
___strtoxll@sign                  cstackCOMRAM 000041
___strtoxll@skip                  cstackCOMRAM 000042
___wmul                           text57       0085B6
___wmul@multiplicand              cstackCOMRAM 000003
___wmul@multiplier                cstackCOMRAM 000001
___wmul@product                   cstackCOMRAM 000005
___xxtofl                         text27       006F44
___xxtofl@arg                     cstackCOMRAM 00000B
___xxtofl@exp                     cstackCOMRAM 00000A
___xxtofl@sign                    cstackCOMRAM 000009
___xxtofl@val                     cstackCOMRAM 000001
__accesstop                       (abs)        000060
__activetblptr                    (abs)        000003
__end_of_ISR                      intcode_body 00592C
__end_of___fldiv                  text33       00607C
__end_of___fleq                   text32       007BE8
__end_of___flge                   text31       007904
__end_of___flmul                  text30       005572
__end_of___flneg                  text29       008418
__end_of___lmul                   text28       0080A2
__end_of___lwdiv                  text38       007F5A
__end_of___omul                   text21       007D2E
__end_of___strtoxll               text20       005148
__end_of___wmul                   text57       0085DC
__end_of___xxtofl                 text27       0070F8
__end_of__initialization          cinit        0085F4
__end_of_atoaefg                  text23       006968
__end_of_atoc                     text22       0076D4
__end_of_atod                     text18       006D8C
__end_of_atoi                     text54       007448
__end_of_atoo                     text16       006F44
__end_of_atos                     text15       00759E
__end_of_atou                     text14       006B7A
__end_of_atox                     text13       0072A4
__end_of_fgetc                    text36       007DC6
__end_of_fputc                    text50       0079CE
__end_of_fputs                    text49       0082AE
__end_of_getch                    text37       008658
__end_of_handleButtonPress        text40       00858E
__end_of_initADC                  text3        00863E
__end_of_initButtons              text2        0083A8
__end_of_initUSART                text1        0084F6
__end_of_isalpha                  text53       00836E
__end_of_isdigit                  text56       0084C0
__end_of_islower                  text46       008450
__end_of_isspace                  text55       00826A
__end_of_isupper                  text52       008488
__end_of_isxdigit                 text26       007FCA
__end_of_main                     text0        008652
__end_of_nanf                     text25       008620
__end_of_pad                      text47       007A94
__end_of_printf                   text39       0085B6
__end_of_processCommand           text7        0063EE
__end_of_putch                    text51       00865A
__end_of_sendAltitudeResponse     text6        007E5C
__end_of_sendDistanceResponse     text5        008560
__end_of_sendUSART                text58       008038
__end_of_skipws                   text34       007C90
__end_of_sprintf                  text41       008218
__end_of_sscanf                   text8        0083E0
__end_of_strlen                   text48       00852C
__end_of_strncmp                  text12       007800
__end_of_strtof                   text24       004C24
__end_of_strtoll                  text19       008332
__end_of_strtoull                 text17       0082F0
__end_of_tolower                  text11       008168
__end_of_toupper                  text45       0081C6
__end_of_ungetc                   text35       007EE6
__end_of_vfpfcnvrt                text43       005CE2
__end_of_vfprintf                 text42       008108
__end_of_vfscanf                  text9        007B3E
__end_of_vfsfcnvrt                text10       003AB6
__end_of_xtoa                     text44       0066C8
__initialization                  cinit        0085DC
__mediumconst                     mediumconst  000000
__pbssBANK0                       bssBANK0     0000CD
__pbssBANK1                       bssBANK1     000100
__pcinit                          cinit        0085DC
__pcstackBANK0                    cstackBANK0  000060
__pcstackBANK1                    cstackBANK1  000000
__pcstackCOMRAM                   cstackCOMRAM 000001
__pintcode                        intcode      000008
__pintcode_body                   intcode_body 005572
__psmallconst                     smallconst   001000
__ptext0                          text0        00863E
__ptext1                          text1        0084C0
__ptext10                         text10       0010F4
__ptext11                         text11       008108
__ptext12                         text12       0076D4
__ptext13                         text13       0070F8
__ptext14                         text14       006968
__ptext15                         text15       007448
__ptext16                         text16       006D8C
__ptext17                         text17       0082AE
__ptext18                         text18       006B7A
__ptext19                         text19       0082F0
__ptext2                          text2        00836E
__ptext20                         text20       004C24
__ptext21                         text21       007C90
__ptext22                         text22       00759E
__ptext23                         text23       0066C8
__ptext24                         text24       003AB6
__ptext25                         text25       0085FE
__ptext26                         text26       007F5A
__ptext27                         text27       006F44
__ptext28                         text28       008038
__ptext29                         text29       0083E0
__ptext3                          text3        008620
__ptext30                         text30       005148
__ptext31                         text31       007800
__ptext32                         text32       007B3E
__ptext33                         text33       005CE2
__ptext34                         text34       007BE8
__ptext35                         text35       007E5C
__ptext36                         text36       007D2E
__ptext37                         text37       008652
__ptext38                         text38       007EE6
__ptext39                         text39       00858E
__ptext40                         text40       008560
__ptext41                         text41       0081C6
__ptext42                         text42       0080A2
__ptext43                         text43       00592C
__ptext44                         text44       0063EE
__ptext45                         text45       008168
__ptext46                         text46       008418
__ptext47                         text47       0079CE
__ptext48                         text48       0084F6
__ptext49                         text49       00826A
__ptext5                          text5        00852C
__ptext50                         text50       007904
__ptext51                         text51       008658
__ptext52                         text52       008450
__ptext53                         text53       008332
__ptext54                         text54       0072A4
__ptext55                         text55       008218
__ptext56                         text56       008488
__ptext57                         text57       0085B6
__ptext58                         text58       007FCA
__ptext6                          text6        007DC6
__ptext7                          text7        00607C
__ptext8                          text8        0083A8
__ptext9                          text9        007A94
__ramtop                          ramtop       001000
__size_of_ISR                     (abs)        000000
__size_of___fldiv                 (abs)        000000
__size_of___fleq                  (abs)        000000
__size_of___flge                  (abs)        000000
__size_of___flmul                 (abs)        000000
__size_of___flneg                 (abs)        000000
__size_of___lmul                  (abs)        000000
__size_of___lwdiv                 (abs)        000000
__size_of___omul                  (abs)        000000
__size_of___strtoxll              (abs)        000000
__size_of___wmul                  (abs)        000000
__size_of___xxtofl                (abs)        000000
__size_of_atoaefg                 (abs)        000000
__size_of_atoc                    (abs)        000000
__size_of_atod                    (abs)        000000
__size_of_atoi                    (abs)        000000
__size_of_atoo                    (abs)        000000
__size_of_atos                    (abs)        000000
__size_of_atou                    (abs)        000000
__size_of_atox                    (abs)        000000
__size_of_fgetc                   (abs)        000000
__size_of_fputc                   (abs)        000000
__size_of_fputs                   (abs)        000000
__size_of_getch                   (abs)        000000
__size_of_handleButtonPress       (abs)        000000
__size_of_initADC                 (abs)        000000
__size_of_initButtons             (abs)        000000
__size_of_initUSART               (abs)        000000
__size_of_isalpha                 (abs)        000000
__size_of_isdigit                 (abs)        000000
__size_of_islower                 (abs)        000000
__size_of_isspace                 (abs)        000000
__size_of_isupper                 (abs)        000000
__size_of_isxdigit                (abs)        000000
__size_of_main                    (abs)        000000
__size_of_nanf                    (abs)        000000
__size_of_pad                     (abs)        000000
__size_of_printf                  (abs)        000000
__size_of_processCommand          (abs)        000000
__size_of_putch                   (abs)        000000
__size_of_sendAltitudeResponse    (abs)        000000
__size_of_sendDistanceResponse    (abs)        000000
__size_of_sendUSART               (abs)        000000
__size_of_skipws                  (abs)        000000
__size_of_sprintf                 (abs)        000000
__size_of_sscanf                  (abs)        000000
__size_of_strlen                  (abs)        000000
__size_of_strncmp                 (abs)        000000
__size_of_strtof                  (abs)        000000
__size_of_strtoll                 (abs)        000000
__size_of_strtoull                (abs)        000000
__size_of_tolower                 (abs)        000000
__size_of_toupper                 (abs)        000000
__size_of_ungetc                  (abs)        000000
__size_of_vfpfcnvrt               (abs)        000000
__size_of_vfprintf                (abs)        000000
__size_of_vfscanf                 (abs)        000000
__size_of_vfsfcnvrt               (abs)        000000
__size_of_xtoa                    (abs)        000000
__smallconst                      smallconst   001000
_adc_flag                         bssBANK0     0000DD
_adc_value                        bssBANK0     0000E3
_alt_array                        bssBANK1     000100
_altitude_flag                    bssBANK0     0000DF
_altitude_period                  bssBANK0     0000F9
_asup                             bssBANK0     0000D1
_atoaefg                          text23       0066C8
_atoaefg$2031                     cstackCOMRAM 00004E
_atoc                             text22       00759E
_atoc$2010                        cstackCOMRAM 000016
_atoc$2011                        cstackCOMRAM 000018
_atod                             text18       006B7A
_atod$2020                        cstackBANK0  00006C
_atoi                             text54       0072A4
_atoi$1856                        cstackCOMRAM 000010
_atoi$1857                        cstackCOMRAM 000014
_atoi$1858                        cstackCOMRAM 000012
_atoo                             text16       006D8C
_atos                             text15       007448
_atos$2045                        cstackCOMRAM 00001F
_atos$2046                        cstackCOMRAM 000021
_atou                             text14       006968
_atou$2054                        cstackBANK0  00006C
_atox                             text13       0070F8
_button1_state                    bssBANK0     0000F8
_button2_state                    bssBANK0     0000F7
_button3_state                    bssBANK0     0000F6
_button4_state                    bssBANK0     0000F5
_button_state                     bssBANK0     0000F2
_current_speed                    bssBANK0     0000FB
_current_state                    bssBANK0     0000F4
_dbuf                             bssBANK1     000168
_dbuf@doscan$F1998                bssBANK1     000118
_errno                            bssBANK0     0000D3
_fgetc                            text36       007D2E
_flags                            bssBANK0     0000DB
_fputc                            text50       007904
_fputs                            text49       00826A
_getch                            text37       008652
_handleButtonPress                text40       008560
_ind                              bssBANK1     000116
_initADC                          text3        008620
_initButtons                      text2        00836E
_initUSART                        text1        0084C0
_isalpha                          text53       008332
_isdigit                          text56       008488
_islower                          text46       008418
_isspace                          text55       008218
_isspace$1883                     cstackCOMRAM 000007
_isupper                          text52       008450
_isxdigit                         text26       007F5A
_isxdigit$2347                    cstackCOMRAM 000007
_main                             text0        00863E
_manual_control                   bssBANK0     0000F3
_nanf                             text25       0085FE
_ncnv                             bssBANK1     000114
_nmatch                           bssBANK0     0000CD
_nout                             bssBANK0     0000D5
_pad                              text47       0079CE
_prec                             bssBANK0     0000D9
_printf                           text39       00858E
_processCommand                   text7        00607C
_prs4_flag                        bssBANK0     0000ED
_prs5_flag                        bssBANK0     0000EB
_prs6_flag                        bssBANK0     0000E9
_prs7_flag                        bssBANK0     0000E7
_putch                            text51       008658
_remaining_distance               bssBANK0     0000E5
_sendAltitudeResponse             text6        007DC6
_sendDistanceResponse             text5        00852C
_sendUSART                        text58       007FCA
_skipws                           text34       007BE8
_skipws$2002                      cstackCOMRAM 000012
_skipws$2003                      cstackCOMRAM 000014
_sprintf                          text41       0081C6
_sscanf                           text8        0083A8
_strlen                           text48       0084F6
_strncmp                          text12       0076D4
_strtof                           text24       003AB6
_strtof$2421                      cstackCOMRAM 000024
_strtof$2422                      cstackCOMRAM 000034
_strtof$2432                      cstackCOMRAM 000026
_strtof$2433                      cstackCOMRAM 000028
_strtof$2434                      cstackCOMRAM 00002A
_strtof$2435                      cstackCOMRAM 00002C
_strtof$2436                      cstackCOMRAM 00002E
_strtof$2437                      cstackCOMRAM 000030
_strtof$2438                      cstackCOMRAM 000032
_strtoll                          text19       0082F0
_strtoull                         text17       0082AE
_timer_counter                    bssBANK0     0000E1
_tolower                          text11       008108
_tolower$2509                     cstackCOMRAM 00000D
_total_distance                   bssBANK0     0000FD
_toupper                          text45       008168
_toupper$2524                     cstackCOMRAM 00000D
_ungetbuf                         bssBANK0     0000F0
_ungetc                           text35       007E5C
_ungetcnt                         bssBANK0     0000EF
_vfpfcnvrt                        text43       00592C
_vfpfcnvrt$1838                   cstackCOMRAM 000057
_vfprintf                         text42       0080A2
_vfscanf                          text9        007A94
_vfsfcnvrt                        text10       0010F4
_vfsfcnvrt$2074                   cstackBANK0  000084
_vfsfcnvrt$2121                   cstackBANK0  000086
_width                            bssBANK0     0000D7
_width@doscan$F1995               bssBANK0     0000CF
_xtoa                             text44       0063EE
_xtoa$1822                        cstackCOMRAM 00002F
_xtoa$1823                        cstackCOMRAM 000031
atoaefg@c                         cstackCOMRAM 000056
atoaefg@d                         cstackCOMRAM 000048
atoaefg@e                         cstackCOMRAM 00004A
atoaefg@ep                        cstackCOMRAM 000052
atoaefg@fp                        cstackCOMRAM 000040
atoaefg@i                         cstackCOMRAM 000054
atoaefg@pld                       cstackCOMRAM 000042
atoaefg@s                         cstackCOMRAM 000050
atoaefg@w                         cstackCOMRAM 00004C
atoc@c                            cstackCOMRAM 00001B
atoc@fp                           cstackCOMRAM 00000C
atoc@i                            cstackCOMRAM 000019
atoc@s                            cstackCOMRAM 00000E
atoc@w                            cstackCOMRAM 000014
atod@c                            cstackBANK0  000070
atod@ep                           cstackBANK0  000068
atod@fp                           cstackCOMRAM 000056
atod@i                            cstackBANK0  00006E
atod@pll                          cstackCOMRAM 000058
atod@w                            cstackBANK0  00006A
atoi@n                            cstackCOMRAM 000015
atoi@neg                          cstackCOMRAM 00000E
atoi@s                            cstackCOMRAM 000008
atoo@c                            cstackBANK0  00006E
atoo@ep                           cstackBANK0  000068
atoo@fp                           cstackCOMRAM 000056
atoo@i                            cstackBANK0  00006C
atoo@pll                          cstackCOMRAM 000058
atoo@w                            cstackBANK0  00006A
atos@c                            cstackCOMRAM 000026
atos@fp                           cstackCOMRAM 000017
atos@i                            cstackCOMRAM 000024
atos@s                            cstackCOMRAM 000019
atos@w                            cstackCOMRAM 000022
atou@c                            cstackBANK0  000070
atou@ep                           cstackBANK0  000068
atou@fp                           cstackCOMRAM 000056
atou@i                            cstackBANK0  00006E
atou@pll                          cstackCOMRAM 000058
atou@w                            cstackBANK0  00006A
atox@c                            cstackBANK0  00006C
atox@ep                           cstackBANK0  000068
atox@fp                           cstackCOMRAM 000056
atox@i                            cstackBANK0  00006E
atox@pll                          cstackCOMRAM 000058
atox@w                            cstackBANK0  00006A
btemp                             temp         00005F
end_of_initialization             cinit        0085F4
fgetc@c                           cstackCOMRAM 00000A
fgetc@fp                          cstackCOMRAM 000003
fputc@c                           cstackCOMRAM 000001
fputc@fp                          cstackCOMRAM 000003
fputs@c                           cstackCOMRAM 00000E
fputs@fp                          cstackCOMRAM 00000C
fputs@i                           cstackCOMRAM 00000F
fputs@s                           cstackCOMRAM 00000A
handleButtonPress@button          cstackBANK0  00007D
handleButtonPress@button_msg      cstackBANK0  000076
int$flags                         temp         00005F
int_func                          intcode_body 005572
intlevel0                         text         000000
intlevel1                         text         000000
intlevel2                         text         000000
intlevel3                         text         000000
isalpha@c                         cstackCOMRAM 000001
isdigit@c                         cstackCOMRAM 000001
islower@c                         cstackCOMRAM 000001
isspace@c                         cstackCOMRAM 000001
isupper@c                         cstackCOMRAM 000001
isxdigit@c                        cstackCOMRAM 000001
nanf@s                            cstackCOMRAM 000001
nanf@u                            cstackCOMRAM 000005
pad@buf                           cstackCOMRAM 000013
pad@fp                            cstackCOMRAM 000011
pad@i                             cstackCOMRAM 000018
pad@p                             cstackCOMRAM 000015
pad@w                             cstackCOMRAM 00001A
printf@ap                         cstackBANK0  000068
printf@fmt                        cstackCOMRAM 00005C
processCommand@command            cstackBANK0  0000BB
processCommand@led_number         cstackCOMRAM 00005E
sendAltitudeResponse@altitude     cstackBANK0  00007F
sendAltitudeResponse@altitude_msg cstackBANK0  000076
sendDistanceResponse@distance_msg cstackBANK0  000076
sendUSART@message                 cstackCOMRAM 000001
skipws@c                          cstackCOMRAM 000015
skipws@fp                         cstackCOMRAM 00000C
sprintf@ap                        cstackBANK0  00006E
sprintf@f                         cstackBANK0  000070
sprintf@fmt                       cstackBANK0  000068
sprintf@s                         cstackBANK0  000066
sscanf@ap                         cstackBANK0  0000B9
sscanf@f                          cstackBANK0  0000B3
sscanf@fmt                        cstackBANK0  0000AD
sscanf@s                          cstackBANK0  0000AB
stackhi                           (abs)        000F5F
stacklo                           (abs)        000192
start                             init         00000E
start_initialization              cinit        0085DC
strlen@a                          cstackCOMRAM 000003
strlen@s                          cstackCOMRAM 000001
strncmp@_l                        cstackCOMRAM 000001
strncmp@_r                        cstackCOMRAM 000003
strncmp@l                         cstackCOMRAM 000008
strncmp@n                         cstackCOMRAM 000005
strncmp@r                         cstackCOMRAM 00000A
strtof@_u                         cstackCOMRAM 00003B
strtof@digit                      cstackCOMRAM 000035
strtof@eexp                       cstackCOMRAM 000039
strtof@expon                      cstackCOMRAM 000037
strtof@flags                      cstackCOMRAM 000036
strtof@i                          cstackCOMRAM 00003F
strtof@res                        cstackCOMRAM 00001C
strtof@s                          cstackCOMRAM 00001A
strtoll@base                      cstackCOMRAM 000052
strtoll@endptr                    cstackCOMRAM 000050
strtoll@s                         cstackCOMRAM 00004E
strtoull@base                     cstackCOMRAM 000052
strtoull@endptr                   cstackCOMRAM 000050
strtoull@s                        cstackCOMRAM 00004E
tolower@c                         cstackCOMRAM 000007
toupper@c                         cstackCOMRAM 000007
ttemp5                            temp         000060
ttemp6                            temp         000063
ttemp7                            temp         000067
ungetc@c                          cstackCOMRAM 000001
ungetc@fp                         cstackCOMRAM 000003
vfpfcnvrt@ap                      cstackCOMRAM 000047
vfpfcnvrt@c                       cstackCOMRAM 000059
vfpfcnvrt@done                    cstackCOMRAM 000055
vfpfcnvrt@fmt                     cstackCOMRAM 000045
vfpfcnvrt@fp                      cstackCOMRAM 000043
vfpfcnvrt@llu                     cstackCOMRAM 00004D
vfprintf@ap                       cstackBANK0  000064
vfprintf@cfmt                     cstackCOMRAM 00005A
vfprintf@fmt                      cstackBANK0  000062
vfprintf@fp                       cstackBANK0  000060
vfscanf@ap                        cstackBANK0  0000A9
vfscanf@cfmt                      cstackCOMRAM 00005C
vfscanf@fmt                       cstackBANK0  0000A7
vfscanf@fp                        cstackBANK0  0000A5
vfscanf@n                         cstackCOMRAM 00005A
vfsfcnvrt@ap                      cstackBANK0  000076
vfsfcnvrt@c                       cstackBANK0  000088
vfsfcnvrt@cp                      cstackBANK0  000080
vfsfcnvrt@ct                      cstackBANK0  00008A
vfsfcnvrt@f                       cstackBANK0  00008D
vfsfcnvrt@fmt                     cstackBANK0  000074
vfsfcnvrt@fp                      cstackBANK0  000072
vfsfcnvrt@i                       cstackBANK0  0000A3
vfsfcnvrt@ll                      cstackBANK0  000091
vfsfcnvrt@llu                     cstackBANK0  000099
vfsfcnvrt@pp                      cstackBANK0  000082
vfsfcnvrt@vp                      cstackBANK0  0000A1
wtemp8                            temp         000060
xtoa@c                            cstackCOMRAM 000041
xtoa@d                            cstackCOMRAM 00001E
xtoa@fp                           cstackCOMRAM 00001C
xtoa@i                            cstackCOMRAM 00003F
xtoa@n                            cstackCOMRAM 000037
xtoa@p                            cstackCOMRAM 000033
xtoa@w                            cstackCOMRAM 000035
xtoa@x                            cstackCOMRAM 000026


FUNCTION INFORMATION:

 *************** function _main *****************
 Defined at:
		line 69 in file "main.c"
 Parameters:    Size  Location     Type
		None
 Auto vars:     Size  Location     Type
		None
 Return value:  Size  Location     Type
                  1    wreg      void 
 Registers used:
		wreg, status,2, cstack
 Tracked objects:
		On entry : 
		On exit  : 
		Unchanged: 
 Data sizes:     COMRAM   BANK0   BANK1   BANK2   BANK3   BANK4   BANK5   BANK6   BANK7   BANK8   BANK9  BANK10  BANK11  BANK12  BANK13  BANK14  BANK15
      Params:         0       0       0       0       0       0       0       0       0       0       0       0       0       0       0       0       0
      Locals:         0       0       0       0       0       0       0       0       0       0       0       0       0       0       0       0       0
      Temps:          0       0       0       0       0       0       0       0       0       0       0       0       0       0       0       0       0
      Totals:         0       0       0       0       0       0       0       0       0       0       0       0       0       0       0       0       0
Total ram usage:        0 bytes
 Hardware stack levels required when called:   11
 This function calls:
		_initADC
		_initButtons
		_initUSART
 This function is called by:
		Startup code after reset
 This function uses a non-reentrant model


 *************** function _initUSART *****************
 Defined at:
		line 80 in file "main.c"
 Parameters:    Size  Location     Type
		None
 Auto vars:     Size  Location     Type
		None
 Return value:  Size  Location     Type
                  1    wreg      void 
 Registers used:
		wreg, status,2
 Tracked objects:
		On entry : 
		On exit  : 
		Unchanged: 
 Data sizes:     COMRAM   BANK0   BANK1   BANK2   BANK3   BANK4   BANK5   BANK6   BANK7   BANK8   BANK9  BANK10  BANK11  BANK12  BANK13  BANK14  BANK15
      Params:         0       0       0       0       0       0       0       0       0       0       0       0       0       0       0       0       0
      Locals:         0       0       0       0       0       0       0       0       0       0       0       0       0       0       0       0       0
      Temps:          0       0       0       0       0       0       0       0       0       0       0       0       0       0       0       0       0
      Totals:         0       0       0       0       0       0       0       0       0       0       0       0       0       0       0       0       0
Total ram usage:        0 bytes
 Hardware stack levels used:    1
 Hardware stack levels required when called:   10
 This function calls:
		Nothing
 This function is called by:
		_main
 This function uses a non-reentrant model


 *************** function _initButtons *****************
 Defined at:
		line 190 in file "main.c"
 Parameters:    Size  Location     Type
		None
 Auto vars:     Size  Location     Type
		None
 Return value:  Size  Location     Type
                  1    wreg      void 
 Registers used:
		wreg, status,2
 Tracked objects:
		On entry : 
		On exit  : 
		Unchanged: 
 Data sizes:     COMRAM   BANK0   BANK1   BANK2   BANK3   BANK4   BANK5   BANK6   BANK7   BANK8   BANK9  BANK10  BANK11  BANK12  BANK13  BANK14  BANK15
      Params:         0       0       0       0       0       0       0       0       0       0       0       0       0       0       0       0       0
      Locals:         0       0       0       0       0       0       0       0       0       0       0       0       0       0       0       0       0
      Temps:          0       0       0       0       0       0       0       0       0       0       0       0       0       0       0       0       0
      Totals:         0       0       0       0       0       0       0       0       0       0       0       0       0       0       0       0       0
Total ram usage:        0 bytes
 Hardware stack levels used:    1
 Hardware stack levels required when called:   10
 This function calls:
		Nothing
 This function is called by:
		_main
 This function uses a non-reentrant model


 *************** function _initADC *****************
 Defined at:
		line 132 in file "main.c"
 Parameters:    Size  Location     Type
		None
 Auto vars:     Size  Location     Type
		None
 Return value:  Size  Location     Type
                  1    wreg      void 
 Registers used:
		wreg, status,2
 Tracked objects:
		On entry : 
		On exit  : 
		Unchanged: 
 Data sizes:     COMRAM   BANK0   BANK1   BANK2   BANK3   BANK4   BANK5   BANK6   BANK7   BANK8   BANK9  BANK10  BANK11  BANK12  BANK13  BANK14  BANK15
      Params:         0       0       0       0       0       0       0       0       0       0       0       0       0       0       0       0       0
      Locals:         0       0       0       0       0       0       0       0       0       0       0       0       0       0       0       0       0
      Temps:          0       0       0       0       0       0       0       0       0       0       0       0       0       0       0       0       0
      Totals:         0       0       0       0       0       0       0       0       0       0       0       0       0       0       0       0       0
Total ram usage:        0 bytes
 Hardware stack levels used:    1
 Hardware stack levels required when called:   10
 This function calls:
		Nothing
 This function is called by:
		_main
 This function uses a non-reentrant model


 *************** function _ISR *****************
 Defined at:
		line 224 in file "main.c"
 Parameters:    Size  Location     Type
		None
 Auto vars:     Size  Location     Type
  dummy           1  107[BANK0 ] volatile unsigned char 
  received        1  108[BANK0 ] unsigned char 
 Return value:  Size  Location     Type
                  1    wreg      void 
 Registers used:
		wreg, fsr1l, fsr1h, fsr2l, fsr2h, status,2, status,0, tblptrl, tblptrh, tblptru, prodl, prodh, cstack
 Tracked objects:
		On entry : 
		On exit  : 
		Unchanged: 
 Data sizes:     COMRAM   BANK0   BANK1   BANK2   BANK3   BANK4   BANK5   BANK6   BANK7   BANK8   BANK9  BANK10  BANK11  BANK12  BANK13  BANK14  BANK15
      Params:         0       0       0       0       0       0       0       0       0       0       0       0       0       0       0       0       0
      Locals:         0       2       0       0       0       0       0       0       0       0       0       0       0       0       0       0       0
      Temps:          0      12       0       0       0       0       0       0       0       0       0       0       0       0       0       0       0
      Totals:         0      14       0       0       0       0       0       0       0       0       0       0       0       0       0       0       0
Total ram usage:       14 bytes
 Hardware stack levels used:    1
 Hardware stack levels required when called:    9
 This function calls:
		_handleButtonPress
		_printf
		_processCommand
		_sendAltitudeResponse
		_sendDistanceResponse
 This function is called by:
		Interrupt level 2
 This function uses a non-reentrant model


 *************** function _sendDistanceResponse *****************
 Defined at:
		line 154 in file "main.c"
 Parameters:    Size  Location     Type
		None
 Auto vars:     Size  Location     Type
  distance_msg   12   22[BANK0 ] unsigned char [12]
 Return value:  Size  Location     Type
                  1    wreg      void 
 Registers used:
		wreg, fsr1l, fsr1h, fsr2l, fsr2h, status,2, status,0, tblptrl, tblptrh, tblptru, prodl, prodh, cstack
 Tracked objects:
		On entry : 
		On exit  : 
		Unchanged: 
 Data sizes:     COMRAM   BANK0   BANK1   BANK2   BANK3   BANK4   BANK5   BANK6   BANK7   BANK8   BANK9  BANK10  BANK11  BANK12  BANK13  BANK14  BANK15
      Params:         0       0       0       0       0       0       0       0       0       0       0       0       0       0       0       0       0
      Locals:         0      12       0       0       0       0       0       0       0       0       0       0       0       0       0       0       0
      Temps:          0       0       0       0       0       0       0       0       0       0       0       0       0       0       0       0       0
      Totals:         0      12       0       0       0       0       0       0       0       0       0       0       0       0       0       0       0
Total ram usage:       12 bytes
 Hardware stack levels used:    1
 Hardware stack levels required when called:    8
 This function calls:
		_sendUSART
		_sprintf
 This function is called by:
		_ISR
 This function uses a non-reentrant model


 *************** function _sendAltitudeResponse *****************
 Defined at:
		line 163 in file "main.c"
 Parameters:    Size  Location     Type
		None
 Auto vars:     Size  Location     Type
  altitude_msg    9   22[BANK0 ] unsigned char [9]
  altitude        2   31[BANK0 ] unsigned int 
 Return value:  Size  Location     Type
                  1    wreg      void 
 Registers used:
		wreg, fsr1l, fsr1h, fsr2l, fsr2h, status,2, status,0, tblptrl, tblptrh, tblptru, prodl, prodh, cstack
 Tracked objects:
		On entry : 
		On exit  : 
		Unchanged: 
 Data sizes:     COMRAM   BANK0   BANK1   BANK2   BANK3   BANK4   BANK5   BANK6   BANK7   BANK8   BANK9  BANK10  BANK11  BANK12  BANK13  BANK14  BANK15
      Params:         0       0       0       0       0       0       0       0       0       0       0       0       0       0       0       0       0
      Locals:         0      11       0       0       0       0       0       0       0       0       0       0       0       0       0       0       0
      Temps:          0       0       0       0       0       0       0       0       0       0       0       0       0       0       0       0       0
      Totals:         0      11       0       0       0       0       0       0       0       0       0       0       0       0       0       0       0
Total ram usage:       11 bytes
 Hardware stack levels used:    1
 Hardware stack levels required when called:    8
 This function calls:
		_sendUSART
		_sprintf
 This function is called by:
		_ISR
 This function uses a non-reentrant model


 *************** function _processCommand *****************
 Defined at:
		line 391 in file "main.c"
 Parameters:    Size  Location     Type
  command         2   91[BANK0 ] PTR unsigned char 
		 -> ISR@command(10), 
 Auto vars:     Size  Location     Type
  led_number      1   93[COMRAM] unsigned char 
 Return value:  Size  Location     Type
                  1    wreg      void 
 Registers used:
		wreg, fsr1l, fsr1h, fsr2l, fsr2h, status,2, status,0, tblptrl, tblptrh, tblptru, prodl, prodh, cstack
 Tracked objects:
		On entry : 
		On exit  : 
		Unchanged: 
 Data sizes:     COMRAM   BANK0   BANK1   BANK2   BANK3   BANK4   BANK5   BANK6   BANK7   BANK8   BANK9  BANK10  BANK11  BANK12  BANK13  BANK14  BANK15
      Params:         0       2       0       0       0       0       0       0       0       0       0       0       0       0       0       0       0
      Locals:         1       0       0       0       0       0       0       0       0       0       0       0       0       0       0       0       0
      Temps:          0       2       0       0       0       0       0       0       0       0       0       0       0       0       0       0       0
      Totals:         1       4       0       0       0       0       0       0       0       0       0       0       0       0       0       0       0
Total ram usage:        5 bytes
 Hardware stack levels used:    1
 Hardware stack levels required when called:    8
 This function calls:
		___lwdiv
		_sendUSART
		_sscanf
		_strncmp
 This function is called by:
		_ISR
 This function uses a non-reentrant model


 *************** function _sscanf *****************
 Defined at:
		line 9 in file "/opt/microchip/xc8/v2.30/pic/sources/c99/common/nf_sscanf.c"
 Parameters:    Size  Location     Type
  s               2   75[BANK0 ] PTR const unsigned char 
		 -> ISR@command(10), 
  fmt             2   77[BANK0 ] PTR const unsigned char 
		 -> STR_13(4), STR_10(4), STR_8(4), STR_6(4), 
 Auto vars:     Size  Location     Type
  f               6   83[BANK0 ] struct _IO_FILE
  ap              2   89[BANK0 ] PTR void [1]
		 -> ?_sscanf(2), 
  ret             2    0        int 
 Return value:  Size  Location     Type
                  2   75[BANK0 ] int 
 Registers used:
		wreg, fsr1l, fsr1h, fsr2l, fsr2h, status,2, status,0, tblptrl, tblptrh, tblptru, prodl, prodh, cstack
 Tracked objects:
		On entry : 
		On exit  : 
		Unchanged: 
 Data sizes:     COMRAM   BANK0   BANK1   BANK2   BANK3   BANK4   BANK5   BANK6   BANK7   BANK8   BANK9  BANK10  BANK11  BANK12  BANK13  BANK14  BANK15
      Params:         0       6       0       0       0       0       0       0       0       0       0       0       0       0       0       0       0
      Locals:         0      10       0       0       0       0       0       0       0       0       0       0       0       0       0       0       0
      Temps:          0       0       0       0       0       0       0       0       0       0       0       0       0       0       0       0       0
      Totals:         0      16       0       0       0       0       0       0       0       0       0       0       0       0       0       0       0
Total ram usage:       16 bytes
 Hardware stack levels used:    1
 Hardware stack levels required when called:    7
 This function calls:
		_vfscanf
 This function is called by:
		_processCommand
 This function uses a non-reentrant model


 *************** function _vfscanf *****************
 Defined at:
		line 1054 in file "/opt/microchip/xc8/v2.30/pic/sources/c99/common/doscan.c"
 Parameters:    Size  Location     Type
  fp              2   69[BANK0 ] PTR struct _IO_FILE
		 -> sscanf@f(6), 
  fmt             2   71[BANK0 ] PTR const unsigned char 
		 -> STR_13(4), STR_10(4), STR_8(4), STR_6(4), 
  ap              2   73[BANK0 ] PTR PTR void 
		 -> sscanf@ap(2), 
 Auto vars:     Size  Location     Type
  cfmt            2   91[COMRAM] PTR unsigned char 
[...]
 This function uses a non-reentrant model


 *************** function _putch *****************
 Defined at:
		line 7 in file "/opt/microchip/xc8/v2.30/pic/sources/c99/common/putch.c"
 Parameters:    Size  Location     Type
  c               1    wreg     unsigned char 
 Auto vars:     Size  Location     Type
  c               1    0[COMRAM] unsigned char 
 Return value:  Size  Location     Type
                  1    wreg      void 
 Registers used:
		wreg
 Tracked objects:
		On entry : 
		On exit  : 
		Unchanged: 
 Data sizes:     COMRAM   BANK0   BANK1   BANK2   BANK3   BANK4   BANK5   BANK6   BANK7   BANK8   BANK9  BANK10  BANK11  BANK12  BANK13  BANK14  BANK15
      Params:         0       0       0       0       0       0       0       0       0       0       0       0       0       0       0       0       0
      Locals:         0       0       0       0       0       0       0       0       0       0       0       0       0       0       0       0       0
      Temps:          0       0       0       0       0       0       0       0       0       0       0       0       0       0       0       0       0
      Totals:         0       0       0       0       0       0       0       0       0       0       0       0       0       0       0       0       0
Total ram usage:        0 bytes
 Hardware stack levels used:    1
 This function calls:
		Nothing
 This function is called by:
		_fputc
 This function uses a non-reentrant model


 *************** function _isupper *****************
 Defined at:
		line 5 in file "/opt/microchip/xc8/v2.30/pic/sources/c99/common/isupper.c"
 Parameters:    Size  Location     Type
  c               2    0[COMRAM] int 
 Auto vars:     Size  Location     Type
		None
 Return value:  Size  Location     Type
                  2    0[COMRAM] int 
 Registers used:
		wreg, status,2, status,0
 Tracked objects:
		On entry : 
		On exit  : 
		Unchanged: 
 Data sizes:     COMRAM   BANK0   BANK1   BANK2   BANK3   BANK4   BANK5   BANK6   BANK7   BANK8   BANK9  BANK10  BANK11  BANK12  BANK13  BANK14  BANK15
      Params:         2       0       0       0       0       0       0       0       0       0       0       0       0       0       0       0       0
      Locals:         0       0       0       0       0       0       0       0       0       0       0       0       0       0       0       0       0
      Temps:          4       0       0       0       0       0       0       0       0       0       0       0       0       0       0       0       0
      Totals:         6       0       0       0       0       0       0       0       0       0       0       0       0       0       0       0       0
Total ram usage:        6 bytes
 Hardware stack levels used:    1
 This function calls:
		Nothing
 This function is called by:
		_xtoa
		_vfsfcnvrt
		_tolower
 This function uses a non-reentrant model


 *************** function _isalpha *****************
 Defined at:
		line 5 in file "/opt/microchip/xc8/v2.30/pic/sources/c99/common/isalpha.c"
 Parameters:    Size  Location     Type
  c               2    0[COMRAM] int 
 Auto vars:     Size  Location     Type
		None
 Return value:  Size  Location     Type
                  2    0[COMRAM] int 
 Registers used:
		wreg, status,2, status,0
 Tracked objects:
		On entry : 
		On exit  : 
		Unchanged: 
 Data sizes:     COMRAM   BANK0   BANK1   BANK2   BANK3   BANK4   BANK5   BANK6   BANK7   BANK8   BANK9  BANK10  BANK11  BANK12  BANK13  BANK14  BANK15
      Params:         2       0       0       0       0       0       0       0       0       0       0       0       0       0       0       0       0
      Locals:         0       0       0       0       0       0       0       0       0       0       0       0       0       0       0       0       0
      Temps:          4       0       0       0       0       0       0       0       0       0       0       0       0       0       0       0       0
      Totals:         6       0       0       0       0       0       0       0       0       0       0       0       0       0       0       0       0
Total ram usage:        6 bytes
 Hardware stack levels used:    1
 This function calls:
		Nothing
 This function is called by:
		_xtoa
		___strtoxll
 This function uses a non-reentrant model


 *************** function _atoi *****************
 Defined at:
		line 4 in file "/opt/microchip/xc8/v2.30/pic/sources/c99/common/atoi.c"
 Parameters:    Size  Location     Type
  s               2    7[COMRAM] PTR const unsigned char 
		 -> STR_13(4), STR_10(4), STR_8(4), STR_6(4), 
		 -> STR_4(6), STR_3(10), STR_2(10), STR_1(10), 
 Auto vars:     Size  Location     Type
  n               2   20[COMRAM] int 
  neg             2   13[COMRAM] int 
 Return value:  Size  Location     Type
                  2    7[COMRAM] int 
 Registers used:
		wreg, status,2, status,0, tblptrl, tblptrh, tblptru, prodl, prodh, cstack
 Tracked objects:
		On entry : 
		On exit  : 
		Unchanged: 
 Data sizes:     COMRAM   BANK0   BANK1   BANK2   BANK3   BANK4   BANK5   BANK6   BANK7   BANK8   BANK9  BANK10  BANK11  BANK12  BANK13  BANK14  BANK15
      Params:         2       0       0       0       0       0       0       0       0       0       0       0       0       0       0       0       0
      Locals:         9       0       0       0       0       0       0       0       0       0       0       0       0       0       0       0       0
      Temps:          4       0       0       0       0       0       0       0       0       0       0       0       0       0       0       0       0
      Totals:        15       0       0       0       0       0       0       0       0       0       0       0       0       0       0       0       0
Total ram usage:       15 bytes
 Hardware stack levels used:    1
 Hardware stack levels required when called:    1
 This function calls:
		___wmul
		_isdigit
		_isspace
 This function is called by:
		_vfpfcnvrt
		_vfsfcnvrt
 This function uses a non-reentrant model


 *************** function _isspace *****************
 Defined at:
		line 5 in file "/opt/microchip/xc8/v2.30/pic/sources/c99/common/isspace.c"
 Parameters:    Size  Location     Type
  c               2    0[COMRAM] int 
 Auto vars:     Size  Location     Type
		None
 Return value:  Size  Location     Type
                  2    0[COMRAM] int 
 Registers used:
		wreg, status,2, status,0
 Tracked objects:
		On entry : 
		On exit  : 
		Unchanged: 
 Data sizes:     COMRAM   BANK0   BANK1   BANK2   BANK3   BANK4   BANK5   BANK6   BANK7   BANK8   BANK9  BANK10  BANK11  BANK12  BANK13  BANK14  BANK15
      Params:         2       0       0       0       0       0       0       0       0       0       0       0       0       0       0       0       0
      Locals:         1       0       0       0       0       0       0       0       0       0       0       0       0       0       0       0       0
      Temps:          4       0       0       0       0       0       0       0       0       0       0       0       0       0       0       0       0
      Totals:         7       0       0       0       0       0       0       0       0       0       0       0       0       0       0       0       0
Total ram usage:        7 bytes
 Hardware stack levels used:    1
 This function calls:
		Nothing
 This function is called by:
		_atoi
		_skipws
		_atoc
		_atos
		_strtof
		___strtoxll
 This function uses a non-reentrant model


 *************** function _isdigit *****************
 Defined at:
		line 5 in file "/opt/microchip/xc8/v2.30/pic/sources/c99/common/isdigit.c"
 Parameters:    Size  Location     Type
  c               2    0[COMRAM] int 
 Auto vars:     Size  Location     Type
		None
 Return value:  Size  Location     Type
                  2    0[COMRAM] int 
 Registers used:
		wreg, status,2, status,0
 Tracked objects:
		On entry : 
		On exit  : 
		Unchanged: 
 Data sizes:     COMRAM   BANK0   BANK1   BANK2   BANK3   BANK4   BANK5   BANK6   BANK7   BANK8   BANK9  BANK10  BANK11  BANK12  BANK13  BANK14  BANK15
      Params:         2       0       0       0       0       0       0       0       0       0       0       0       0       0       0       0       0
      Locals:         0       0       0       0       0       0       0       0       0       0       0       0       0       0       0       0       0
      Temps:          4       0       0       0       0       0       0       0       0       0       0       0       0       0       0       0       0
      Totals:         6       0       0       0       0       0       0       0       0       0       0       0       0       0       0       0       0
Total ram usage:        6 bytes
 Hardware stack levels used:    1
 This function calls:
		Nothing
 This function is called by:
		_vfpfcnvrt
		_atoi
		_atod
		_atoaefg
		_atou
		_vfsfcnvrt
		_strtof
		___strtoxll
 This function uses a non-reentrant model


 *************** function ___wmul *****************
 Defined at:
		line 15 in file "/opt/microchip/xc8/v2.30/pic/sources/c99/common/Umul16.c"
 Parameters:    Size  Location     Type
  multiplier      2    0[COMRAM] unsigned int 
  multiplicand    2    2[COMRAM] unsigned int 
 Auto vars:     Size  Location     Type
  product         2    4[COMRAM] unsigned int 
 Return value:  Size  Location     Type
                  2    0[COMRAM] unsigned int 
 Registers used:
		wreg, status,2, status,0, prodl, prodh
 Tracked objects:
		On entry : 
		On exit  : 
		Unchanged: 
 Data sizes:     COMRAM   BANK0   BANK1   BANK2   BANK3   BANK4   BANK5   BANK6   BANK7   BANK8   BANK9  BANK10  BANK11  BANK12  BANK13  BANK14  BANK15
      Params:         4       0       0       0       0       0       0       0       0       0       0       0       0       0       0       0       0
      Locals:         2       0       0       0       0       0       0       0       0       0       0       0       0       0       0       0       0
      Temps:          0       0       0       0       0       0       0       0       0       0       0       0       0       0       0       0       0
      Totals:         6       0       0       0       0       0       0       0       0       0       0       0       0       0       0       0       0
Total ram usage:        6 bytes
 Hardware stack levels used:    1
 This function calls:
		Nothing
 This function is called by:
		_atoi
		_strtof
 This function uses a non-reentrant model


 *************** function _sendUSART *****************
 Defined at:
		line 120 in file "main.c"
 Parameters:    Size  Location     Type
  message         2    0[COMRAM] PTR unsigned char 
		 -> STR_15(6), handleButtonPress@button_msg(7), sendAltitudeResponse@altitude_msg(9), sendDistanceResponse@distance_msg(12), 
 Auto vars:     Size  Location     Type
		None
 Return value:  Size  Location     Type
                  1    wreg      void 
 Registers used:
		wreg, fsr1l, fsr1h, status,2, status,0, tblptrl, tblptrh, tblptru
 Tracked objects:
		On entry : 
		On exit  : 
		Unchanged: 
 Data sizes:     COMRAM   BANK0   BANK1   BANK2   BANK3   BANK4   BANK5   BANK6   BANK7   BANK8   BANK9  BANK10  BANK11  BANK12  BANK13  BANK14  BANK15
      Params:         2       0       0       0       0       0       0       0       0       0       0       0       0       0       0       0       0
      Locals:         0       0       0       0       0       0       0       0       0       0       0       0       0       0       0       0       0
      Temps:          0       0       0       0       0       0       0       0       0       0       0       0       0       0       0       0       0
      Totals:         2       0       0       0       0       0       0       0       0       0       0       0       0       0       0       0       0
Total ram usage:        2 bytes
 Hardware stack levels used:    1
 This function calls:
		Nothing
 This function is called by:
		_sendDistanceResponse
		_sendAltitudeResponse
		_handleButtonPress
		_processCommand
 This function uses a non-reentrant model



MODULE INFORMATION

Module		Function		Class		Link	Load	Size
/opt/microchip/xc8/v2.30/pic/sources/c99/common/tolower.c
		_tolower       		CODE           	8108	0000	96

/opt/microchip/xc8/v2.30/pic/sources/c99/common/tolower.c estimated size: 96

/opt/microchip/xc8/v2.30/pic/sources/c99/common/strncmp.c
		_strncmp       		CODE           	76D4	0000	300

/opt/microchip/xc8/v2.30/pic/sources/c99/common/strncmp.c estimated size: 300

/opt/microchip/xc8/v2.30/pic/sources/c99/common/sprcmul.c
		___flmul       		CODE           	5148	0000	1066

/opt/microchip/xc8/v2.30/pic/sources/c99/common/sprcmul.c estimated size: 1066

/opt/microchip/xc8/v2.30/pic/sources/c99/common/nf_fputc.c
		_fputc         		CODE           	7904	0000	202

/opt/microchip/xc8/v2.30/pic/sources/c99/common/nf_fputc.c estimated size: 202

/opt/microchip/xc8/v2.30/pic/sources/c99/common/flneg.c
		___flneg       		CODE           	83E0	0000	56

/opt/microchip/xc8/v2.30/pic/sources/c99/common/flneg.c estimated size: 56

/opt/microchip/xc8/v2.30/pic/sources/c99/common/Umul32.c
		___lmul        		CODE           	8038	0000	106

/opt/microchip/xc8/v2.30/pic/sources/c99/common/Umul32.c estimated size: 106

/opt/microchip/xc8/v2.30/pic/sources/c99/common/sprcdiv.c
		___fldiv       		CODE           	5CE2	0000	922

/opt/microchip/xc8/v2.30/pic/sources/c99/common/sprcdiv.c estimated size: 922

/opt/microchip/xc8/v2.30/pic/sources/c99/common/atoi.c
		_atoi          		CODE           	72A4	0000	420

/opt/microchip/xc8/v2.30/pic/sources/c99/common/atoi.c estimated size: 420

/opt/microchip/xc8/v2.30/pic/sources/c99/common/isalpha.c
		_isalpha       		CODE           	8332	0000	60

/opt/microchip/xc8/v2.30/pic/sources/c99/common/isalpha.c estimated size: 60

/opt/microchip/xc8/v2.30/pic/sources/c99/common/xxtofl.c
		___xxtofl      		CODE           	6F44	0000	436

/opt/microchip/xc8/v2.30/pic/sources/c99/common/xxtofl.c estimated size: 436

/opt/microchip/xc8/v2.30/pic/sources/c99/common/isxdigit.c
		_isxdigit      		CODE           	7F5A	0000	112

/opt/microchip/xc8/v2.30/pic/sources/c99/common/isxdigit.c estimated size: 112

/opt/microchip/xc8/v2.30/pic/sources/c99/common/__strtoxll.c
		___strtoxll    		CODE           	4C24	0000	1316

/opt/microchip/xc8/v2.30/pic/sources/c99/common/__strtoxll.c estimated size: 1316

/opt/microchip/xc8/v2.30/pic/sources/c99/common/strlen.c
		_strlen        		CODE           	84F6	0000	54

/opt/microchip/xc8/v2.30/pic/sources/c99/common/strlen.c estimated size: 54

/opt/microchip/xc8/v2.30/pic/sources/c99/common/strtoull.c
		_strtoull      		CODE           	82AE	0000	66

/opt/microchip/xc8/v2.30/pic/sources/c99/common/strtoull.c estimated size: 66

/opt/microchip/xc8/v2.30/pic/sources/c99/common/putch.c
		_putch         		CODE           	8658	0000	2

/opt/microchip/xc8/v2.30/pic/sources/c99/common/putch.c estimated size: 2

/opt/microchip/xc8/v2.30/pic/sources/c99/common/flge.c
		___flge        		CODE           	7800	0000	260

/opt/microchip/xc8/v2.30/pic/sources/c99/common/flge.c estimated size: 260

/opt/microchip/xc8/v2.30/pic/sources/c99/common/isdigit.c
		_isdigit       		CODE           	8488	0000	56

/opt/microchip/xc8/v2.30/pic/sources/c99/common/isdigit.c estimated size: 56

/opt/microchip/xc8/v2.30/pic/sources/c99/common/doprnt.c
		_vfpfcnvrt     		CODE           	592C	0000	950
		_pad           		CODE           	79CE	0000	198
		_vfprintf      		CODE           	80A2	0000	102
		_xtoa          		CODE           	63EE	0000	730

/opt/microchip/xc8/v2.30/pic/sources/c99/common/doprnt.c estimated size: 1980

/opt/microchip/xc8/v2.30/pic/sources/c99/common/nf_sprintf.c
		_sprintf       		CODE           	81C6	0000	82

/opt/microchip/xc8/v2.30/pic/sources/c99/common/nf_sprintf.c estimated size: 82

/opt/microchip/xc8/v2.30/pic/sources/c99/common/strtof.c
		_strtof        		CODE           	3AB6	0000	4462

/opt/microchip/xc8/v2.30/pic/sources/c99/common/strtof.c estimated size: 4462

/opt/microchip/xc8/v2.30/pic/sources/c99/common/nf_getc.c
		_fgetc         		CODE           	7D2E	0000	152
		_ungetc        		CODE           	7E5C	0000	138

/opt/microchip/xc8/v2.30/pic/sources/c99/common/nf_getc.c estimated size: 290

/opt/microchip/xc8/v2.30/pic/sources/c99/common/nf_fputs.c
		_fputs         		CODE           	826A	0000	68

/opt/microchip/xc8/v2.30/pic/sources/c99/common/nf_fputs.c estimated size: 68

shared
		__initialization		CODE           	85DC	0000	24

shared estimated size: 24

/opt/microchip/xc8/v2.30/pic/sources/c99/common/lwdiv.c
		___lwdiv       		CODE           	7EE6	0000	116

/opt/microchip/xc8/v2.30/pic/sources/c99/common/lwdiv.c estimated size: 116

/opt/microchip/xc8/v2.30/pic/sources/c99/common/getch.c
		_getch         		CODE           	8652	0000	6

/opt/microchip/xc8/v2.30/pic/sources/c99/common/getch.c estimated size: 6

/opt/microchip/xc8/v2.30/pic/sources/c99/common/nanf.c
		_nanf          		CODE           	85FE	0000	34

/opt/microchip/xc8/v2.30/pic/sources/c99/common/nanf.c estimated size: 34

/opt/microchip/xc8/v2.30/pic/sources/c99/common/doscan.c
		_atoaefg       		CODE           	66C8	0000	672
		_atos          		CODE           	7448	0000	342
		_vfsfcnvrt     		CODE           	10F4	0000	10690
		_atou          		CODE           	6968	0000	530
		_vfscanf       		CODE           	7A94	0000	170
		_atox          		CODE           	70F8	0000	428
		_skipws        		CODE           	7BE8	0000	168
		_atoc          		CODE           	759E	0000	310
		_atoo          		CODE           	6D8C	0000	440
		_atod          		CODE           	6B7A	0000	530

/opt/microchip/xc8/v2.30/pic/sources/c99/common/doscan.c estimated size: 14280

/opt/microchip/xc8/v2.30/pic/sources/c99/common/Umul64.c
		___omul        		CODE           	7C90	0000	158

/opt/microchip/xc8/v2.30/pic/sources/c99/common/Umul64.c estimated size: 158

/opt/microchip/xc8/v2.30/pic/sources/c99/common/Umul16.c
		___wmul        		CODE           	85B6	0000	38

/opt/microchip/xc8/v2.30/pic/sources/c99/common/Umul16.c estimated size: 38

/opt/microchip/xc8/v2.30/pic/sources/c99/common/islower.c
		_islower       		CODE           	8418	0000	56

/opt/microchip/xc8/v2.30/pic/sources/c99/common/islower.c estimated size: 56

/opt/microchip/xc8/v2.30/pic/sources/c99/common/nf_sscanf.c
		_sscanf        		CODE           	83A8	0000	56

/opt/microchip/xc8/v2.30/pic/sources/c99/common/nf_sscanf.c estimated size: 56

/opt/microchip/xc8/v2.30/pic/sources/c99/common/isupper.c
		_isupper       		CODE           	8450	0000	56

/opt/microchip/xc8/v2.30/pic/sources/c99/common/isupper.c estimated size: 56

/opt/microchip/xc8/v2.30/pic/sources/c99/common/toupper.c
		_toupper       		CODE           	8168	0000	94

/opt/microchip/xc8/v2.30/pic/sources/c99/common/toupper.c estimated size: 94

/opt/microchip/xc8/v2.30/pic/sources/c99/common/fleq.c
		___fleq        		CODE           	7B3E	0000	170

/opt/microchip/xc8/v2.30/pic/sources/c99/common/fleq.c estimated size: 170

main.c
		_sendDistanceResponse		CODE           	852C	0000	52
		_ISR           		CODE           	0008	0000	960
		_main          		CODE           	863E	0000	20
		_sendAltitudeResponse		CODE           	7DC6	0000	150
		_processCommand		CODE           	607C	0000	882
		_initButtons   		CODE           	836E	0000	58
		_sendUSART     		CODE           	7FCA	0000	110
		_initADC       		CODE           	8620	0000	30
		_handleButtonPress		CODE           	8560	0000	46
		_initUSART     		CODE           	84C0	0000	54

main.c estimated size: 2362

/opt/microchip/xc8/v2.30/pic/sources/c99/common/printf.c
		_printf        		CODE           	858E	0000	40

/opt/microchip/xc8/v2.30/pic/sources/c99/common/printf.c estimated size: 40

/opt/microchip/xc8/v2.30/pic/sources/c99/common/isspace.c
		_isspace       		CODE           	8218	0000	82

/opt/microchip/xc8/v2.30/pic/sources/c99/common/isspace.c estimated size: 82

/opt/microchip/xc8/v2.30/pic/sources/c99/common/strtoll.c
		_strtoll       		CODE           	82F0	0000	66

/opt/microchip/xc8/v2.30/pic/sources/c99/common/strtoll.c estimated size: 66

